Archive member included to satisfy reference by file (symbol)

/usr/lib/gap_riscv_toolchain/bin/../lib/gcc/riscv32-unknown-elf/7.1.1/libgcc.a(_bswapsi2.o)
                              /home/osboxes/gap_sdk/examples/pmsis/test_periph/test_pixart_lcd/BUILD/GAP8/GCC_RISCV//home/osboxes/gap_sdk/rtos/pmsis/pmsis_bsp/fs/lfs/lfs.o (__bswapsi2)
/usr/lib/gap_riscv_toolchain/bin/../lib/gcc/riscv32-unknown-elf/7.1.1/libgcc.a(_udivdi3.o)
                              /home/osboxes/gap_sdk/examples/pmsis/test_periph/test_pixart_lcd/BUILD/GAP8/GCC_RISCV//home/osboxes/gap_sdk/rtos/freeRTOS/vendors/gwt/TARGET_GWT/libs/printf/printf.o (__udivdi3)
/usr/lib/gap_riscv_toolchain/bin/../lib/gcc/riscv32-unknown-elf/7.1.1/libgcc.a(_umoddi3.o)
                              /home/osboxes/gap_sdk/examples/pmsis/test_periph/test_pixart_lcd/BUILD/GAP8/GCC_RISCV//home/osboxes/gap_sdk/rtos/freeRTOS/vendors/gwt/TARGET_GWT/libs/printf/printf.o (__umoddi3)
/usr/lib/gap_riscv_toolchain/bin/../lib/gcc/riscv32-unknown-elf/7.1.1/libgcc.a(eqdf2.o)
                              /home/osboxes/gap_sdk/examples/pmsis/test_periph/test_pixart_lcd/BUILD/GAP8/GCC_RISCV//home/osboxes/gap_sdk/rtos/freeRTOS/vendors/gwt/TARGET_GWT/libs/printf/printf.o (__nedf2)
/usr/lib/gap_riscv_toolchain/bin/../lib/gcc/riscv32-unknown-elf/7.1.1/libgcc.a(gedf2.o)
                              /home/osboxes/gap_sdk/examples/pmsis/test_periph/test_pixart_lcd/BUILD/GAP8/GCC_RISCV//home/osboxes/gap_sdk/rtos/freeRTOS/vendors/gwt/TARGET_GWT/libs/printf/printf.o (__gedf2)
/usr/lib/gap_riscv_toolchain/bin/../lib/gcc/riscv32-unknown-elf/7.1.1/libgcc.a(ledf2.o)
                              /home/osboxes/gap_sdk/examples/pmsis/test_periph/test_pixart_lcd/BUILD/GAP8/GCC_RISCV//home/osboxes/gap_sdk/rtos/freeRTOS/vendors/gwt/TARGET_GWT/libs/printf/printf.o (__ltdf2)
/usr/lib/gap_riscv_toolchain/bin/../lib/gcc/riscv32-unknown-elf/7.1.1/libgcc.a(muldf3.o)
                              /home/osboxes/gap_sdk/examples/pmsis/test_periph/test_pixart_lcd/BUILD/GAP8/GCC_RISCV//home/osboxes/gap_sdk/rtos/freeRTOS/vendors/gwt/TARGET_GWT/libs/printf/printf.o (__muldf3)
/usr/lib/gap_riscv_toolchain/bin/../lib/gcc/riscv32-unknown-elf/7.1.1/libgcc.a(subdf3.o)
                              /home/osboxes/gap_sdk/examples/pmsis/test_periph/test_pixart_lcd/BUILD/GAP8/GCC_RISCV//home/osboxes/gap_sdk/rtos/freeRTOS/vendors/gwt/TARGET_GWT/libs/printf/printf.o (__subdf3)
/usr/lib/gap_riscv_toolchain/bin/../lib/gcc/riscv32-unknown-elf/7.1.1/libgcc.a(fixdfsi.o)
                              /home/osboxes/gap_sdk/examples/pmsis/test_periph/test_pixart_lcd/BUILD/GAP8/GCC_RISCV//home/osboxes/gap_sdk/rtos/freeRTOS/vendors/gwt/TARGET_GWT/libs/printf/printf.o (__fixdfsi)
/usr/lib/gap_riscv_toolchain/bin/../lib/gcc/riscv32-unknown-elf/7.1.1/libgcc.a(fixunsdfsi.o)
                              /home/osboxes/gap_sdk/examples/pmsis/test_periph/test_pixart_lcd/BUILD/GAP8/GCC_RISCV//home/osboxes/gap_sdk/rtos/freeRTOS/vendors/gwt/TARGET_GWT/libs/printf/printf.o (__fixunsdfsi)
/usr/lib/gap_riscv_toolchain/bin/../lib/gcc/riscv32-unknown-elf/7.1.1/libgcc.a(floatsidf.o)
                              /home/osboxes/gap_sdk/examples/pmsis/test_periph/test_pixart_lcd/BUILD/GAP8/GCC_RISCV//home/osboxes/gap_sdk/rtos/freeRTOS/vendors/gwt/TARGET_GWT/libs/printf/printf.o (__floatsidf)
/usr/lib/gap_riscv_toolchain/bin/../lib/gcc/riscv32-unknown-elf/7.1.1/libgcc.a(floatunsidf.o)
                              /home/osboxes/gap_sdk/examples/pmsis/test_periph/test_pixart_lcd/BUILD/GAP8/GCC_RISCV//home/osboxes/gap_sdk/rtos/freeRTOS/vendors/gwt/TARGET_GWT/libs/printf/printf.o (__floatunsidf)
/usr/lib/gap_riscv_toolchain/bin/../lib/gcc/riscv32-unknown-elf/7.1.1/libgcc.a(_clz.o)
                              /usr/lib/gap_riscv_toolchain/bin/../lib/gcc/riscv32-unknown-elf/7.1.1/libgcc.a(_udivdi3.o) (__clz_tab)
/usr/lib/gap_riscv_toolchain/bin/../lib/gcc/riscv32-unknown-elf/7.1.1/libgcc.a(_clzsi2.o)
                              /usr/lib/gap_riscv_toolchain/bin/../lib/gcc/riscv32-unknown-elf/7.1.1/libgcc.a(muldf3.o) (__clzsi2)

Allocating common symbols
Common symbol       size              file

__global_cpi_driver_fifo
                    0x4               /home/osboxes/gap_sdk/examples/pmsis/test_periph/test_pixart_lcd/BUILD/GAP8/GCC_RISCV//home/osboxes/gap_sdk/rtos/freeRTOS/vendors/gwt/TARGET_GWT/pmsis/implem/pmsis_driver/cpi/cpi_internal.o
__global_hyper_driver_fifo
                    0x4               /home/osboxes/gap_sdk/examples/pmsis/test_periph/test_pixart_lcd/BUILD/GAP8/GCC_RISCV//home/osboxes/gap_sdk/rtos/freeRTOS/vendors/gwt/TARGET_GWT/pmsis/implem/pmsis_driver/hyper/hyperbus_internal.o
__global_i2c_driver_fifo
                    0x8               /home/osboxes/gap_sdk/examples/pmsis/test_periph/test_pixart_lcd/BUILD/GAP8/GCC_RISCV//home/osboxes/gap_sdk/rtos/freeRTOS/vendors/gwt/TARGET_GWT/pmsis/implem/pmsis_driver/i2c/i2c_internal.o
__cl_l1_malloc_mutex
[...]
Memory Configuration

Name             Origin             Length             Attributes
L2               0x000000001c000000 0x0000000000080000
L1_sram          0x0000000010000000 0x0000000000010000
FC_tcdm          0x000000001b000000 0x0000000000004000
*default*        0x0000000000000000 0xffffffffffffffff

Linker script and memory map

LOAD /usr/lib/gap_riscv_toolchain/lib/gcc/riscv32-unknown-elf/7.1.1/crtbegin.o
LOAD /usr/lib/gap_riscv_toolchain/lib/gcc/riscv32-unknown-elf/7.1.1/crti.o
LOAD /usr/lib/gap_riscv_toolchain/lib/gcc/riscv32-unknown-elf/7.1.1/crtn.o
LOAD /usr/lib/gap_riscv_toolchain/lib/gcc/riscv32-unknown-elf/7.1.1/crtend.o
LOAD /home/osboxes/gap_sdk/examples/pmsis/test_periph/test_pixart_lcd/BUILD/GAP8/GCC_RISCV/ImgIO.o
LOAD /home/osboxes/gap_sdk/examples/pmsis/test_periph/test_pixart_lcd/BUILD/GAP8/GCC_RISCV/test_camera_lcd.o
LOAD /home/osboxes/gap_sdk/examples/pmsis/test_periph/test_pixart_lcd/BUILD/GAP8/GCC_RISCV//home/osboxes/gap_sdk/rtos/freeRTOS/freertos_kernel/portable/GCC/RI5CY-GAP8/port_asm.o
LOAD /home/osboxes/gap_sdk/examples/pmsis/test_periph/test_pixart_lcd/BUILD/GAP8/GCC_RISCV//home/osboxes/gap_sdk/rtos/freeRTOS/vendors/gwt/TARGET_GWT/TARGET_GAP8/device/gap8_iet.o
LOAD /home/osboxes/gap_sdk/examples/pmsis/test_periph/test_pixart_lcd/BUILD/GAP8/GCC_RISCV//home/osboxes/gap_sdk/rtos/freeRTOS/vendors/gwt/TARGET_GWT/TARGET_GAP8/device/startup_gap8.o
LOAD /home/osboxes/gap_sdk/examples/pmsis/test_periph/test_pixart_lcd/BUILD/GAP8/GCC_RISCV//home/osboxes/gap_sdk/rtos/freeRTOS/freertos_kernel/list.o
LOAD /home/osboxes/gap_sdk/examples/pmsis/test_periph/test_pixart_lcd/BUILD/GAP8/GCC_RISCV//home/osboxes/gap_sdk/rtos/freeRTOS/freertos_kernel/queue.o
LOAD /home/osboxes/gap_sdk/examples/pmsis/test_periph/test_pixart_lcd/BUILD/GAP8/GCC_RISCV//home/osboxes/gap_sdk/rtos/freeRTOS/freertos_kernel/tasks.o
LOAD /home/osboxes/gap_sdk/examples/pmsis/test_periph/test_pixart_lcd/BUILD/GAP8/GCC_RISCV//home/osboxes/gap_sdk/rtos/freeRTOS/freertos_kernel/timers.o
LOAD /home/osboxes/gap_sdk/examples/pmsis/test_periph/test_pixart_lcd/BUILD/GAP8/GCC_RISCV//home/osboxes/gap_sdk/rtos/freeRTOS/freertos_kernel/event_groups.o
LOAD /home/osboxes/gap_sdk/examples/pmsis/test_periph/test_pixart_lcd/BUILD/GAP8/GCC_RISCV//home/osboxes/gap_sdk/rtos/freeRTOS/freertos_kernel/stream_buffer.o
LOAD /home/osboxes/gap_sdk/examples/pmsis/test_periph/test_pixart_lcd/BUILD/GAP8/GCC_RISCV//home/osboxes/gap_sdk/rtos/freeRTOS/demos/gwt/gap8/common/config_files/FreeRTOS_util.o
LOAD /home/osboxes/gap_sdk/examples/pmsis/test_periph/test_pixart_lcd/BUILD/GAP8/GCC_RISCV//home/osboxes/gap_sdk/rtos/freeRTOS/freertos_kernel/portable/GCC/RI5CY-GAP8/port.o
LOAD /home/osboxes/gap_sdk/examples/pmsis/test_periph/test_pixart_lcd/BUILD/GAP8/GCC_RISCV//home/osboxes/gap_sdk/rtos/freeRTOS/vendors/gwt/TARGET_GWT/TARGET_GAP8/driver/gap_io.o
LOAD /home/osboxes/gap_sdk/examples/pmsis/test_periph/test_pixart_lcd/BUILD/GAP8/GCC_RISCV//home/osboxes/gap_sdk/rtos/freeRTOS/vendors/gwt/TARGET_GWT/TARGET_GAP8/driver/gap_bridge.o
LOAD /home/osboxes/gap_sdk/examples/pmsis/test_periph/test_pixart_lcd/BUILD/GAP8/GCC_RISCV//home/osboxes/gap_sdk/rtos/freeRTOS/vendors/gwt/TARGET_GWT/TARGET_GAP8/device/gap8_it.o
LOAD /home/osboxes/gap_sdk/examples/pmsis/test_periph/test_pixart_lcd/BUILD/GAP8/GCC_RISCV//home/osboxes/gap_sdk/rtos/freeRTOS/vendors/gwt/TARGET_GWT/TARGET_GAP8/device/system_gap8.o
LOAD /home/osboxes/gap_sdk/examples/pmsis/test_periph/test_pixart_lcd/BUILD/GAP8/GCC_RISCV//home/osboxes/gap_sdk/rtos/freeRTOS/vendors/gwt/TARGET_GWT/libs/src/errno.o
LOAD /home/osboxes/gap_sdk/examples/pmsis/test_periph/test_pixart_lcd/BUILD/GAP8/GCC_RISCV//home/osboxes/gap_sdk/rtos/freeRTOS/vendors/gwt/TARGET_GWT/libs/src/stdlib.o
LOAD /home/osboxes/gap_sdk/examples/pmsis/test_periph/test_pixart_lcd/BUILD/GAP8/GCC_RISCV//home/osboxes/gap_sdk/rtos/freeRTOS/vendors/gwt/TARGET_GWT/libs/src/string.o
LOAD /home/osboxes/gap_sdk/examples/pmsis/test_periph/test_pixart_lcd/BUILD/GAP8/GCC_RISCV//home/osboxes/gap_sdk/rtos/freeRTOS/vendors/gwt/TARGET_GWT/libs/printf/printf.o
LOAD /home/osboxes/gap_sdk/examples/pmsis/test_periph/test_pixart_lcd/BUILD/GAP8/GCC_RISCV//home/osboxes/gap_sdk/rtos/freeRTOS/vendors/gwt/TARGET_GWT/pmsis/implem/pmsis_rtos/os/pmsis_task.o
LOAD /home/osboxes/gap_sdk/examples/pmsis/test_periph/test_pixart_lcd/BUILD/GAP8/GCC_RISCV//home/osboxes/gap_sdk/rtos/freeRTOS/vendors/gwt/TARGET_GWT/pmsis/implem/pmsis_rtos/os/device.o
LOAD /home/osboxes/gap_sdk/examples/pmsis/test_periph/test_pixart_lcd/BUILD/GAP8/GCC_RISCV//home/osboxes/gap_sdk/rtos/freeRTOS/vendors/gwt/TARGET_GWT/pmsis/implem/pmsis_rtos/event_kernel/event_kernel.o
LOAD /home/osboxes/gap_sdk/examples/pmsis/test_periph/test_pixart_lcd/BUILD/GAP8/GCC_RISCV//home/osboxes/gap_sdk/rtos/freeRTOS/vendors/gwt/TARGET_GWT/pmsis/implem/pmsis_rtos/mem_slab/mem_slab.o
LOAD /home/osboxes/gap_sdk/examples/pmsis/test_periph/test_pixart_lcd/BUILD/GAP8/GCC_RISCV//home/osboxes/gap_sdk/rtos/freeRTOS/vendors/gwt/TARGET_GWT/pmsis/implem/pmsis_rtos/malloc/fc_l1_malloc.o
LOAD /home/osboxes/gap_sdk/examples/pmsis/test_periph/test_pixart_lcd/BUILD/GAP8/GCC_RISCV//home/osboxes/gap_sdk/rtos/freeRTOS/vendors/gwt/TARGET_GWT/pmsis/implem/pmsis_rtos/malloc/malloc_internal.o
LOAD /home/osboxes/gap_sdk/examples/pmsis/test_periph/test_pixart_lcd/BUILD/GAP8/GCC_RISCV//home/osboxes/gap_sdk/rtos/freeRTOS/vendors/gwt/TARGET_GWT/pmsis/implem/pmsis_rtos/malloc/pi_malloc.o
LOAD /home/osboxes/gap_sdk/examples/pmsis/test_periph/test_pixart_lcd/BUILD/GAP8/GCC_RISCV//home/osboxes/gap_sdk/rtos/freeRTOS/vendors/gwt/TARGET_GWT/pmsis/implem/pmsis_rtos/malloc/malloc_external.o
LOAD /home/osboxes/gap_sdk/examples/pmsis/test_periph/test_pixart_lcd/BUILD/GAP8/GCC_RISCV//home/osboxes/gap_sdk/rtos/freeRTOS/vendors/gwt/TARGET_GWT/pmsis/implem/pmsis_rtos/malloc/l2_malloc.o
LOAD /home/osboxes/gap_sdk/examples/pmsis/test_periph/test_pixart_lcd/BUILD/GAP8/GCC_RISCV//home/osboxes/gap_sdk/rtos/freeRTOS/vendors/gwt/TARGET_GWT/pmsis/implem/pmsis_rtos/malloc/cl_l1_malloc.o
LOAD /home/osboxes/gap_sdk/examples/pmsis/test_periph/test_pixart_lcd/BUILD/GAP8/GCC_RISCV//home/osboxes/gap_sdk/rtos/freeRTOS/vendors/gwt/TARGET_GWT/pmsis/implem/pmsis_rtos/pi_log.o
LOAD /home/osboxes/gap_sdk/examples/pmsis/test_periph/test_pixart_lcd/BUILD/GAP8/GCC_RISCV//home/osboxes/gap_sdk/rtos/freeRTOS/vendors/gwt/TARGET_GWT/pmsis/implem/pmsis_driver/gpio/gpio.o
LOAD /home/osboxes/gap_sdk/examples/pmsis/test_periph/test_pixart_lcd/BUILD/GAP8/GCC_RISCV//home/osboxes/gap_sdk/rtos/freeRTOS/vendors/gwt/TARGET_GWT/pmsis/implem/pmsis_driver/spi/spi_internal.o
LOAD /home/osboxes/gap_sdk/examples/pmsis/test_periph/test_pixart_lcd/BUILD/GAP8/GCC_RISCV//home/osboxes/gap_sdk/rtos/freeRTOS/vendors/gwt/TARGET_GWT/pmsis/implem/pmsis_driver/spi/spi.o
LOAD /home/osboxes/gap_sdk/examples/pmsis/test_periph/test_pixart_lcd/BUILD/GAP8/GCC_RISCV//home/osboxes/gap_sdk/rtos/freeRTOS/vendors/gwt/TARGET_GWT/pmsis/implem/pmsis_driver/cpi/cpi_internal.o
LOAD /home/osboxes/gap_sdk/examples/pmsis/test_periph/test_pixart_lcd/BUILD/GAP8/GCC_RISCV//home/osboxes/gap_sdk/rtos/freeRTOS/vendors/gwt/TARGET_GWT/pmsis/implem/pmsis_driver/cpi/cpi.o
LOAD /home/osboxes/gap_sdk/examples/pmsis/test_periph/test_pixart_lcd/BUILD/GAP8/GCC_RISCV//home/osboxes/gap_sdk/rtos/freeRTOS/vendors/gwt/TARGET_GWT/pmsis/implem/pmsis_driver/pwm/pwm_internal.o
LOAD /home/osboxes/gap_sdk/examples/pmsis/test_periph/test_pixart_lcd/BUILD/GAP8/GCC_RISCV//home/osboxes/gap_sdk/rtos/freeRTOS/vendors/gwt/TARGET_GWT/pmsis/implem/pmsis_driver/pwm/pwm.o
LOAD /home/osboxes/gap_sdk/examples/pmsis/test_periph/test_pixart_lcd/BUILD/GAP8/GCC_RISCV//home/osboxes/gap_sdk/rtos/freeRTOS/vendors/gwt/TARGET_GWT/pmsis/implem/pmsis_driver/timer/timer.o
LOAD /home/osboxes/gap_sdk/examples/pmsis/test_periph/test_pixart_lcd/BUILD/GAP8/GCC_RISCV//home/osboxes/gap_sdk/rtos/freeRTOS/vendors/gwt/TARGET_GWT/pmsis/implem/pmsis_driver/i2c/i2c_internal.o
LOAD /home/osboxes/gap_sdk/examples/pmsis/test_periph/test_pixart_lcd/BUILD/GAP8/GCC_RISCV//home/osboxes/gap_sdk/rtos/freeRTOS/vendors/gwt/TARGET_GWT/pmsis/implem/pmsis_driver/i2c/i2c.o
LOAD /home/osboxes/gap_sdk/examples/pmsis/test_periph/test_pixart_lcd/BUILD/GAP8/GCC_RISCV//home/osboxes/gap_sdk/rtos/freeRTOS/vendors/gwt/TARGET_GWT/pmsis/implem/pmsis_driver/hyper/hyperbus.o
LOAD /home/osboxes/gap_sdk/examples/pmsis/test_periph/test_pixart_lcd/BUILD/GAP8/GCC_RISCV//home/osboxes/gap_sdk/rtos/freeRTOS/vendors/gwt/TARGET_GWT/pmsis/implem/pmsis_driver/hyper/hyperbus_internal.o
LOAD /home/osboxes/gap_sdk/examples/pmsis/test_periph/test_pixart_lcd/BUILD/GAP8/GCC_RISCV//home/osboxes/gap_sdk/rtos/freeRTOS/vendors/gwt/TARGET_GWT/pmsis/implem/pmsis_driver/i2s/i2s_internal.o
LOAD /home/osboxes/gap_sdk/examples/pmsis/test_periph/test_pixart_lcd/BUILD/GAP8/GCC_RISCV//home/osboxes/gap_sdk/rtos/freeRTOS/vendors/gwt/TARGET_GWT/pmsis/implem/pmsis_driver/i2s/i2s.o
LOAD /home/osboxes/gap_sdk/examples/pmsis/test_periph/test_pixart_lcd/BUILD/GAP8/GCC_RISCV//home/osboxes/gap_sdk/rtos/freeRTOS/vendors/gwt/TARGET_GWT/pmsis/implem/pmsis_driver/pad/pad.o
LOAD /home/osboxes/gap_sdk/examples/pmsis/test_periph/test_pixart_lcd/BUILD/GAP8/GCC_RISCV//home/osboxes/gap_sdk/rtos/freeRTOS/vendors/gwt/TARGET_GWT/pmsis/implem/pmsis_driver/rtc/rtc_internal.o
LOAD /home/osboxes/gap_sdk/examples/pmsis/test_periph/test_pixart_lcd/BUILD/GAP8/GCC_RISCV//home/osboxes/gap_sdk/rtos/freeRTOS/vendors/gwt/TARGET_GWT/pmsis/implem/pmsis_driver/rtc/rtc.o
LOAD /home/osboxes/gap_sdk/examples/pmsis/test_periph/test_pixart_lcd/BUILD/GAP8/GCC_RISCV//home/osboxes/gap_sdk/rtos/freeRTOS/vendors/gwt/TARGET_GWT/pmsis/implem/pmsis_driver/uart/uart_internal.o
LOAD /home/osboxes/gap_sdk/examples/pmsis/test_periph/test_pixart_lcd/BUILD/GAP8/GCC_RISCV//home/osboxes/gap_sdk/rtos/freeRTOS/vendors/gwt/TARGET_GWT/pmsis/implem/pmsis_driver/uart/uart.o
LOAD /home/osboxes/gap_sdk/examples/pmsis/test_periph/test_pixart_lcd/BUILD/GAP8/GCC_RISCV//home/osboxes/gap_sdk/rtos/freeRTOS/vendors/gwt/TARGET_GWT/pmsis/implem/pmsis_driver/pmsis_fc_event.o
LOAD /home/osboxes/gap_sdk/examples/pmsis/test_periph/test_pixart_lcd/BUILD/GAP8/GCC_RISCV//home/osboxes/gap_sdk/rtos/freeRTOS/vendors/gwt/TARGET_GWT/pmsis/implem/pmsis_driver/perf/perf_internal.o
LOAD /home/osboxes/gap_sdk/examples/pmsis/test_periph/test_pixart_lcd/BUILD/GAP8/GCC_RISCV//home/osboxes/gap_sdk/rtos/freeRTOS/vendors/gwt/TARGET_GWT/pmsis/implem/pmsis_driver/pmu/pmu_gap8.o
LOAD /home/osboxes/gap_sdk/examples/pmsis/test_periph/test_pixart_lcd/BUILD/GAP8/GCC_RISCV//home/osboxes/gap_sdk/rtos/freeRTOS/vendors/gwt/TARGET_GWT/pmsis/implem/pmsis_cluster/cl_malloc.o
LOAD /home/osboxes/gap_sdk/examples/pmsis/test_periph/test_pixart_lcd/BUILD/GAP8/GCC_RISCV//home/osboxes/gap_sdk/rtos/freeRTOS/vendors/gwt/TARGET_GWT/pmsis/implem/pmsis_cluster/drivers/cluster_synchronisation/fc_to_cl_delegate.o
LOAD /home/osboxes/gap_sdk/examples/pmsis/test_periph/test_pixart_lcd/BUILD/GAP8/GCC_RISCV//home/osboxes/gap_sdk/rtos/freeRTOS/vendors/gwt/TARGET_GWT/pmsis/implem/pmsis_cluster/drivers/cluster_synchronisation/cl_to_fc_delegate.o
LOAD /home/osboxes/gap_sdk/examples/pmsis/test_periph/test_pixart_lcd/BUILD/GAP8/GCC_RISCV//home/osboxes/gap_sdk/rtos/freeRTOS/vendors/gwt/TARGET_GWT/pmsis/implem/pmsis_cluster/drivers/cluster_team/cl_team.o
LOAD /home/osboxes/gap_sdk/examples/pmsis/test_periph/test_pixart_lcd/BUILD/GAP8/GCC_RISCV//home/osboxes/gap_sdk/rtos/freeRTOS/vendors/gwt/TARGET_GWT/pmsis/implem/pmsis_cluster/drivers/delegate/hyperbus/hyperbus_cl_internal.o
LOAD /home/osboxes/gap_sdk/examples/pmsis/test_periph/test_pixart_lcd/BUILD/GAP8/GCC_RISCV//home/osboxes/gap_sdk/rtos/freeRTOS/vendors/gwt/TARGET_GWT/pmsis/implem/pmsis_cluster/drivers/delegate/uart/uart.o
LOAD /home/osboxes/gap_sdk/examples/pmsis/test_periph/test_pixart_lcd/BUILD/GAP8/GCC_RISCV//home/osboxes/gap_sdk/rtos/freeRTOS/vendors/gwt/TARGET_GWT/pmsis/implem/pmsis_cluster/drivers/dma/cl_dma_irq.o
LOAD /home/osboxes/gap_sdk/examples/pmsis/test_periph/test_pixart_lcd/BUILD/GAP8/GCC_RISCV//home/osboxes/gap_sdk/rtos/freeRTOS/vendors/gwt/TARGET_GWT/pmsis/implem/pmsis_hal/GAP8/fll/fll_gap8.o
LOAD /home/osboxes/gap_sdk/examples/pmsis/test_periph/test_pixart_lcd/BUILD/GAP8/GCC_RISCV//home/osboxes/gap_sdk/rtos/pmsis/pmsis_bsp/flash/flash.o
LOAD /home/osboxes/gap_sdk/examples/pmsis/test_periph/test_pixart_lcd/BUILD/GAP8/GCC_RISCV//home/osboxes/gap_sdk/rtos/pmsis/pmsis_bsp/fs/fs.o
LOAD /home/osboxes/gap_sdk/examples/pmsis/test_periph/test_pixart_lcd/BUILD/GAP8/GCC_RISCV//home/osboxes/gap_sdk/rtos/pmsis/pmsis_bsp/fs/lfs/lfs.o
LOAD /home/osboxes/gap_sdk/examples/pmsis/test_periph/test_pixart_lcd/BUILD/GAP8/GCC_RISCV//home/osboxes/gap_sdk/rtos/pmsis/pmsis_bsp/fs/lfs/lfs_util.o
LOAD /home/osboxes/gap_sdk/examples/pmsis/test_periph/test_pixart_lcd/BUILD/GAP8/GCC_RISCV//home/osboxes/gap_sdk/rtos/pmsis/pmsis_bsp/fs/lfs/pi_lfs.o
LOAD /home/osboxes/gap_sdk/examples/pmsis/test_periph/test_pixart_lcd/BUILD/GAP8/GCC_RISCV//home/osboxes/gap_sdk/rtos/pmsis/pmsis_bsp/fs/read_fs/read_fs.o
LOAD /home/osboxes/gap_sdk/examples/pmsis/test_periph/test_pixart_lcd/BUILD/GAP8/GCC_RISCV//home/osboxes/gap_sdk/rtos/pmsis/pmsis_bsp/fs/host_fs/semihost.o
LOAD /home/osboxes/gap_sdk/examples/pmsis/test_periph/test_pixart_lcd/BUILD/GAP8/GCC_RISCV//home/osboxes/gap_sdk/rtos/pmsis/pmsis_bsp/fs/host_fs/host_fs.o
LOAD /home/osboxes/gap_sdk/examples/pmsis/test_periph/test_pixart_lcd/BUILD/GAP8/GCC_RISCV//home/osboxes/gap_sdk/rtos/pmsis/pmsis_bsp/partition/partition.o
LOAD /home/osboxes/gap_sdk/examples/pmsis/test_periph/test_pixart_lcd/BUILD/GAP8/GCC_RISCV//home/osboxes/gap_sdk/rtos/pmsis/pmsis_bsp/partition/flash_partition.o
LOAD /home/osboxes/gap_sdk/examples/pmsis/test_periph/test_pixart_lcd/BUILD/GAP8/GCC_RISCV//home/osboxes/gap_sdk/rtos/pmsis/pmsis_bsp/partition/md5.o
LOAD /home/osboxes/gap_sdk/examples/pmsis/test_periph/test_pixart_lcd/BUILD/GAP8/GCC_RISCV//home/osboxes/gap_sdk/rtos/pmsis/pmsis_bsp/bsp/gapoc_b.o
LOAD /home/osboxes/gap_sdk/examples/pmsis/test_periph/test_pixart_lcd/BUILD/GAP8/GCC_RISCV//home/osboxes/gap_sdk/rtos/pmsis/pmsis_bsp/camera/camera.o
LOAD /home/osboxes/gap_sdk/examples/pmsis/test_periph/test_pixart_lcd/BUILD/GAP8/GCC_RISCV//home/osboxes/gap_sdk/rtos/pmsis/pmsis_bsp/camera/himax/himax.o
LOAD /home/osboxes/gap_sdk/examples/pmsis/test_periph/test_pixart_lcd/BUILD/GAP8/GCC_RISCV//home/osboxes/gap_sdk/rtos/pmsis/pmsis_bsp/camera/pixart/pixart.o
LOAD /home/osboxes/gap_sdk/examples/pmsis/test_periph/test_pixart_lcd/BUILD/GAP8/GCC_RISCV//home/osboxes/gap_sdk/rtos/pmsis/pmsis_bsp/flash/hyperflash/hyperflash.o
LOAD /home/osboxes/gap_sdk/examples/pmsis/test_periph/test_pixart_lcd/BUILD/GAP8/GCC_RISCV//home/osboxes/gap_sdk/rtos/pmsis/pmsis_bsp/display/display.o
LOAD /home/osboxes/gap_sdk/examples/pmsis/test_periph/test_pixart_lcd/BUILD/GAP8/GCC_RISCV//home/osboxes/gap_sdk/rtos/pmsis/pmsis_bsp/display/ili9341/ili9341.o
LOAD /home/osboxes/gap_sdk/examples/pmsis/test_periph/test_pixart_lcd/BUILD/GAP8/GCC_RISCV//home/osboxes/gap_sdk/rtos/pmsis/pmsis_bsp/ram/hyperram/hyperram.o
LOAD /home/osboxes/gap_sdk/examples/pmsis/test_periph/test_pixart_lcd/BUILD/GAP8/GCC_RISCV//home/osboxes/gap_sdk/rtos/pmsis/pmsis_bsp/ram/spiram/spiram.o
LOAD /home/osboxes/gap_sdk/examples/pmsis/test_periph/test_pixart_lcd/BUILD/GAP8/GCC_RISCV//home/osboxes/gap_sdk/rtos/pmsis/pmsis_bsp/ram/ram.o
LOAD /home/osboxes/gap_sdk/examples/pmsis/test_periph/test_pixart_lcd/BUILD/GAP8/GCC_RISCV//home/osboxes/gap_sdk/rtos/pmsis/pmsis_bsp/ram/alloc_extern.o
LOAD /home/osboxes/gap_sdk/examples/pmsis/test_periph/test_pixart_lcd/BUILD/GAP8/GCC_RISCV//home/osboxes/gap_sdk/rtos/pmsis/pmsis_bsp/ble/ble.o
LOAD /home/osboxes/gap_sdk/examples/pmsis/test_periph/test_pixart_lcd/BUILD/GAP8/GCC_RISCV//home/osboxes/gap_sdk/rtos/pmsis/pmsis_bsp/ble/nina_b112/nina_b112.o
LOAD /home/osboxes/gap_sdk/examples/pmsis/test_periph/test_pixart_lcd/BUILD/GAP8/GCC_RISCV//home/osboxes/gap_sdk/rtos/pmsis/pmsis_bsp/ble/nina_b112/nina_b112_old.o
LOAD /home/osboxes/gap_sdk/examples/pmsis/test_periph/test_pixart_lcd/BUILD/GAP8/GCC_RISCV//home/osboxes/gap_sdk/rtos/freeRTOS/vendors/gwt/TARGET_GWT/pmsis/backend/pmsis_backend_native_task_api.o
LOAD /usr/lib/gap_riscv_toolchain/bin/../lib/gcc/riscv32-unknown-elf/7.1.1/libgcc.a
                0x0000000000000000                __DYNAMIC = 0x0
                0x0000000000000400                __L1_STACK_SIZE = 0x400
                0x0000000000001000                __FC_STACK_SIZE = 0x1000
                0x0000000000000400                __IRQ_STACK_SIZE = 0x400

.vectors_irq    0x000000001c000000       0x94
                0x000000001c000000                . = ALIGN (0x4)
                0x000000001c000000                __irq_vector_base_m__ = .
 *(.vectors_irq)
 .vectors_irq   0x000000001c000000       0x94 /home/osboxes/gap_sdk/examples/pmsis/test_periph/test_pixart_lcd/BUILD/GAP8/GCC_RISCV//home/osboxes/gap_sdk/rtos/freeRTOS/vendors/gwt/TARGET_GWT/TARGET_GAP8/device/startup_gap8.o
                0x000000001c000090                __rt_debug_struct_ptr

.text           0x000000001c000094     0x9464
                0x000000001c000094                . = ALIGN (0x4)
                0x000000001c000094                _stext = .
 *(.text.reset)
 .text.reset    0x000000001c000094       0x7a /home/osboxes/gap_sdk/examples/pmsis/test_periph/test_pixart_lcd/BUILD/GAP8/GCC_RISCV//home/osboxes/gap_sdk/rtos/freeRTOS/vendors/gwt/TARGET_GWT/TARGET_GAP8/device/startup_gap8.o
                0x000000001c000094                reset_handler
 *(.text)
 .text          0x000000001c00010e       0xc2 /usr/lib/gap_riscv_toolchain/lib/gcc/riscv32-unknown-elf/7.1.1/crtbegin.o
 .text          0x000000001c0001d0       0x8e /home/osboxes/gap_sdk/examples/pmsis/test_periph/test_pixart_lcd/BUILD/GAP8/GCC_RISCV//home/osboxes/gap_sdk/rtos/freeRTOS/freertos_kernel/portable/GCC/RI5CY-GAP8/port_asm.o
                0x000000001c0001d0                xPortStartScheduler
 .text          0x000000001c00025e      0x2b8 /home/osboxes/gap_sdk/examples/pmsis/test_periph/test_pixart_lcd/BUILD/GAP8/GCC_RISCV//home/osboxes/gap_sdk/rtos/freeRTOS/vendors/gwt/TARGET_GWT/TARGET_GAP8/device/gap8_iet.o
                0x000000001c00025e                gap8_SAVE_MINIMAL_CONTEXT
                0x000000001c00027e                gap8_RESTORE_MINIMAL_CONTEXT
                0x000000001c00029e                gap8_SAVE_SAVE_CONTEXT
                0x000000001c0002b8                gap8_RESTORE_SAVE_CONTEXT
                0x000000001c0002d2                gap8_SAVE_CSR_CONTEXT
                0x000000001c0002e0                gap8_RESTORE_CSR_CONTEXT
                0x000000001c0002ee                gap8_SAVE_ADDITIONAL_CONTEXT
                0x000000001c000314                gap8_RESTORE_ADDITIONAL_CONTEXT
                0x000000001c00033a                ecall_handler
                0x000000001c00038c                default_handler
                0x000000001c000390                cluster_notify_fc_handler
                0x000000001c0003c8                pendSV_handler
                0x000000001c000440                cluster_dma_2d_handler
                0x000000001c000458                systick_handler
                0x000000001c0004dc                fc_event_handler
                0x000000001c000514                ill_ins_handler
 .text          0x000000001c000516       0x2c /home/osboxes/gap_sdk/examples/pmsis/test_periph/test_pixart_lcd/BUILD/GAP8/GCC_RISCV//home/osboxes/gap_sdk/rtos/freeRTOS/vendors/gwt/TARGET_GWT/pmsis/implem/pmsis_driver/pmsis_fc_event.o
                0x000000001c000516                fc_soc_event_handler
 .text          0x000000001c000542       0x24 /home/osboxes/gap_sdk/examples/pmsis/test_periph/test_pixart_lcd/BUILD/GAP8/GCC_RISCV//home/osboxes/gap_sdk/rtos/freeRTOS/vendors/gwt/TARGET_GWT/pmsis/implem/pmsis_driver/pmu/pmu_gap8.o
                0x000000001c000542                pi_pmu_irq_handler
 .text          0x000000001c000566      0x35e /usr/lib/gap_riscv_toolchain/bin/../lib/gcc/riscv32-unknown-elf/7.1.1/libgcc.a(_udivdi3.o)
                0x000000001c000566                __udivdi3
 .text          0x000000001c0008c4      0x354 /usr/lib/gap_riscv_toolchain/bin/../lib/gcc/riscv32-unknown-elf/7.1.1/libgcc.a(_umoddi3.o)
                0x000000001c0008c4                __umoddi3
 .text          0x000000001c000c18       0x6a /usr/lib/gap_riscv_toolchain/bin/../lib/gcc/riscv32-unknown-elf/7.1.1/libgcc.a(eqdf2.o)
                0x000000001c000c18                __eqdf2
                0x000000001c000c18                __nedf2
 .text          0x000000001c000c82       0xb2 /usr/lib/gap_riscv_toolchain/bin/../lib/gcc/riscv32-unknown-elf/7.1.1/libgcc.a(gedf2.o)
                0x000000001c000c82                __gtdf2
                0x000000001c000c82                __gedf2
 .text          0x000000001c000d34       0xb2 /usr/lib/gap_riscv_toolchain/bin/../lib/gcc/riscv32-unknown-elf/7.1.1/libgcc.a(ledf2.o)
                0x000000001c000d34                __ltdf2
                0x000000001c000d34                __ledf2
 .text          0x000000001c000de6      0x46e /usr/lib/gap_riscv_toolchain/bin/../lib/gcc/riscv32-unknown-elf/7.1.1/libgcc.a(muldf3.o)
                0x000000001c000de6                __muldf3
 .text          0x000000001c001254      0x648 /usr/lib/gap_riscv_toolchain/bin/../lib/gcc/riscv32-unknown-elf/7.1.1/libgcc.a(subdf3.o)
                0x000000001c001254                __subdf3
 .text          0x000000001c00189c       0x64 /usr/lib/gap_riscv_toolchain/bin/../lib/gcc/riscv32-unknown-elf/7.1.1/libgcc.a(fixdfsi.o)
                0x000000001c00189c                __fixdfsi
 .text          0x000000001c001900       0x5c /usr/lib/gap_riscv_toolchain/bin/../lib/gcc/riscv32-unknown-elf/7.1.1/libgcc.a(fixunsdfsi.o)
                0x000000001c001900                __fixunsdfsi
 .text          0x000000001c00195c       0x80 /usr/lib/gap_riscv_toolchain/bin/../lib/gcc/riscv32-unknown-elf/7.1.1/libgcc.a(floatsidf.o)
                0x000000001c00195c                __floatsidf
 .text          0x000000001c0019dc       0x66 /usr/lib/gap_riscv_toolchain/bin/../lib/gcc/riscv32-unknown-elf/7.1.1/libgcc.a(floatunsidf.o)
                0x000000001c0019dc                __floatunsidf
 .text          0x000000001c001a42       0x3c /usr/lib/gap_riscv_toolchain/bin/../lib/gcc/riscv32-unknown-elf/7.1.1/libgcc.a(_clzsi2.o)
                0x000000001c001a42                __clzsi2
 *(.text.*)
 .text.WriteImageToFile
                0x000000001c001a7e      0x1fe /home/osboxes/gap_sdk/examples/pmsis/test_periph/test_pixart_lcd/BUILD/GAP8/GCC_RISCV/ImgIO.o
                0x000000001c001a7e                WriteImageToFile
 .text.test_camera_with_lcd
                0x000000001c001c7c      0x13a /home/osboxes/gap_sdk/examples/pmsis/test_periph/test_pixart_lcd/BUILD/GAP8/GCC_RISCV/test_camera_lcd.o
                0x000000001c001c7c                test_camera_with_lcd
 .text.startup.main
                0x000000001c001db6       0x20 /home/osboxes/gap_sdk/examples/pmsis/test_periph/test_pixart_lcd/BUILD/GAP8/GCC_RISCV/test_camera_lcd.o
                0x000000001c001db6                main
 .text.vListInitialise
                0x000000001c001dd6       0x14 /home/osboxes/gap_sdk/examples/pmsis/test_periph/test_pixart_lcd/BUILD/GAP8/GCC_RISCV//home/osboxes/gap_sdk/rtos/freeRTOS/freertos_kernel/list.o
                0x000000001c001dd6                vListInitialise
 .text.vListInitialiseItem
                0x000000001c001dea        0x6 /home/osboxes/gap_sdk/examples/pmsis/test_periph/test_pixart_lcd/BUILD/GAP8/GCC_RISCV//home/osboxes/gap_sdk/rtos/freeRTOS/freertos_kernel/list.o
                0x000000001c001dea                vListInitialiseItem
 .text.vListInsertEnd
                0x000000001c001df0       0x18 /home/osboxes/gap_sdk/examples/pmsis/test_periph/test_pixart_lcd/BUILD/GAP8/GCC_RISCV//home/osboxes/gap_sdk/rtos/freeRTOS/freertos_kernel/list.o
                0x000000001c001df0                vListInsertEnd
 .text.vListInsert
                0x000000001c001e08       0x2e /home/osboxes/gap_sdk/examples/pmsis/test_periph/test_pixart_lcd/BUILD/GAP8/GCC_RISCV//home/osboxes/gap_sdk/rtos/freeRTOS/freertos_kernel/list.o
                0x000000001c001e08                vListInsert
 .text.uxListRemove
                0x000000001c001e36       0x22 /home/osboxes/gap_sdk/examples/pmsis/test_periph/test_pixart_lcd/BUILD/GAP8/GCC_RISCV//home/osboxes/gap_sdk/rtos/freeRTOS/freertos_kernel/list.o
                0x000000001c001e36                uxListRemove
 .text.xQueueCreateCountingSemaphore
                0x000000001c001e58       0xde /home/osboxes/gap_sdk/examples/pmsis/test_periph/test_pixart_lcd/BUILD/GAP8/GCC_RISCV//home/osboxes/gap_sdk/rtos/freeRTOS/freertos_kernel/queue.o
                0x000000001c001e58                xQueueCreateCountingSemaphore
 .text.xQueueGenericSend
                0x000000001c001f36      0x3ec /home/osboxes/gap_sdk/examples/pmsis/test_periph/test_pixart_lcd/BUILD/GAP8/GCC_RISCV//home/osboxes/gap_sdk/rtos/freeRTOS/freertos_kernel/queue.o
                0x000000001c001f36                xQueueGenericSend
 .text.xQueueCreateMutex
                0x000000001c002322       0x84 /home/osboxes/gap_sdk/examples/pmsis/test_periph/test_pixart_lcd/BUILD/GAP8/GCC_RISCV//home/osboxes/gap_sdk/rtos/freeRTOS/freertos_kernel/queue.o
                0x000000001c002322                xQueueCreateMutex
 .text.xQueueGiveFromISR
                0x000000001c0023a6       0xcc /home/osboxes/gap_sdk/examples/pmsis/test_periph/test_pixart_lcd/BUILD/GAP8/GCC_RISCV//home/osboxes/gap_sdk/rtos/freeRTOS/freertos_kernel/queue.o
                0x000000001c0023a6                xQueueGiveFromISR
 .text.xQueueSemaphoreTake
                0x000000001c002472      0x362 /home/osboxes/gap_sdk/examples/pmsis/test_periph/test_pixart_lcd/BUILD/GAP8/GCC_RISCV//home/osboxes/gap_sdk/rtos/freeRTOS/freertos_kernel/queue.o
                0x000000001c002472                xQueueSemaphoreTake
 .text.vQueueDelete
                0x000000001c0027d4       0xa2 /home/osboxes/gap_sdk/examples/pmsis/test_periph/test_pixart_lcd/BUILD/GAP8/GCC_RISCV//home/osboxes/gap_sdk/rtos/freeRTOS/freertos_kernel/queue.o
                0x000000001c0027d4                vQueueDelete
 .text.prvAddNewTaskToReadyList
                0x000000001c002876      0x160 /home/osboxes/gap_sdk/examples/pmsis/test_periph/test_pixart_lcd/BUILD/GAP8/GCC_RISCV//home/osboxes/gap_sdk/rtos/freeRTOS/freertos_kernel/tasks.o
 .text.prvIdleTask
                0x000000001c0029d6       0xb8 /home/osboxes/gap_sdk/examples/pmsis/test_periph/test_pixart_lcd/BUILD/GAP8/GCC_RISCV//home/osboxes/gap_sdk/rtos/freeRTOS/freertos_kernel/tasks.o
 .text.xTaskCreate
                0x000000001c002a8e      0x1b6 /home/osboxes/gap_sdk/examples/pmsis/test_periph/test_pixart_lcd/BUILD/GAP8/GCC_RISCV//home/osboxes/gap_sdk/rtos/freeRTOS/freertos_kernel/tasks.o
                0x000000001c002a8e                xTaskCreate
 .text.vTaskStartScheduler
                0x000000001c002c44      0x16e /home/osboxes/gap_sdk/examples/pmsis/test_periph/test_pixart_lcd/BUILD/GAP8/GCC_RISCV//home/osboxes/gap_sdk/rtos/freeRTOS/freertos_kernel/tasks.o
                0x000000001c002c44                vTaskStartScheduler
 .text.vTaskSuspendAll
                0x000000001c002db2       0x10 /home/osboxes/gap_sdk/examples/pmsis/test_periph/test_pixart_lcd/BUILD/GAP8/GCC_RISCV//home/osboxes/gap_sdk/rtos/freeRTOS/freertos_kernel/tasks.o
                0x000000001c002db2                vTaskSuspendAll
 .text.xTaskGetTickCountFromISR
                0x000000001c002dc2        0xa /home/osboxes/gap_sdk/examples/pmsis/test_periph/test_pixart_lcd/BUILD/GAP8/GCC_RISCV//home/osboxes/gap_sdk/rtos/freeRTOS/freertos_kernel/tasks.o
                0x000000001c002dc2                xTaskGetTickCountFromISR
 .text.xTaskIncrementTick
                0x000000001c002dcc      0x1aa /home/osboxes/gap_sdk/examples/pmsis/test_periph/test_pixart_lcd/BUILD/GAP8/GCC_RISCV//home/osboxes/gap_sdk/rtos/freeRTOS/freertos_kernel/tasks.o
                0x000000001c002dcc                xTaskIncrementTick
 .text.xTaskResumeAll
                0x000000001c002f76      0x1d2 /home/osboxes/gap_sdk/examples/pmsis/test_periph/test_pixart_lcd/BUILD/GAP8/GCC_RISCV//home/osboxes/gap_sdk/rtos/freeRTOS/freertos_kernel/tasks.o
                0x000000001c002f76                xTaskResumeAll
 .text.vTaskDelay
                0x000000001c003148       0xb0 /home/osboxes/gap_sdk/examples/pmsis/test_periph/test_pixart_lcd/BUILD/GAP8/GCC_RISCV//home/osboxes/gap_sdk/rtos/freeRTOS/freertos_kernel/tasks.o
                0x000000001c003148                vTaskDelay
 .text.vTaskSwitchContext
                0x000000001c0031f8      0x150 /home/osboxes/gap_sdk/examples/pmsis/test_periph/test_pixart_lcd/BUILD/GAP8/GCC_RISCV//home/osboxes/gap_sdk/rtos/freeRTOS/freertos_kernel/tasks.o
                0x000000001c0031f8                vTaskSwitchContext
 .text.vTaskPlaceOnEventList
                0x000000001c003348       0xba /home/osboxes/gap_sdk/examples/pmsis/test_periph/test_pixart_lcd/BUILD/GAP8/GCC_RISCV//home/osboxes/gap_sdk/rtos/freeRTOS/freertos_kernel/tasks.o
                0x000000001c003348                vTaskPlaceOnEventList
 .text.xTaskRemoveFromEventList
                0x000000001c003402       0xaa /home/osboxes/gap_sdk/examples/pmsis/test_periph/test_pixart_lcd/BUILD/GAP8/GCC_RISCV//home/osboxes/gap_sdk/rtos/freeRTOS/freertos_kernel/tasks.o
                0x000000001c003402                xTaskRemoveFromEventList
 .text.vTaskInternalSetTimeOutState
                0x000000001c0034ac       0x16 /home/osboxes/gap_sdk/examples/pmsis/test_periph/test_pixart_lcd/BUILD/GAP8/GCC_RISCV//home/osboxes/gap_sdk/rtos/freeRTOS/freertos_kernel/tasks.o
                0x000000001c0034ac                vTaskInternalSetTimeOutState
 .text.xTaskCheckForTimeOut
                0x000000001c0034c2       0xa0 /home/osboxes/gap_sdk/examples/pmsis/test_periph/test_pixart_lcd/BUILD/GAP8/GCC_RISCV//home/osboxes/gap_sdk/rtos/freeRTOS/freertos_kernel/tasks.o
                0x000000001c0034c2                xTaskCheckForTimeOut
 .text.vTaskMissedYield
                0x000000001c003562        0xc /home/osboxes/gap_sdk/examples/pmsis/test_periph/test_pixart_lcd/BUILD/GAP8/GCC_RISCV//home/osboxes/gap_sdk/rtos/freeRTOS/freertos_kernel/tasks.o
                0x000000001c003562                vTaskMissedYield
 .text.xTaskGetSchedulerState
                0x000000001c00356e       0x1c /home/osboxes/gap_sdk/examples/pmsis/test_periph/test_pixart_lcd/BUILD/GAP8/GCC_RISCV//home/osboxes/gap_sdk/rtos/freeRTOS/freertos_kernel/tasks.o
                0x000000001c00356e                xTaskGetSchedulerState
 .text.xTaskPriorityInherit
                0x000000001c00358a       0xb0 /home/osboxes/gap_sdk/examples/pmsis/test_periph/test_pixart_lcd/BUILD/GAP8/GCC_RISCV//home/osboxes/gap_sdk/rtos/freeRTOS/freertos_kernel/tasks.o
                0x000000001c00358a                xTaskPriorityInherit
 .text.xTaskPriorityDisinherit
                0x000000001c00363a       0xb2 /home/osboxes/gap_sdk/examples/pmsis/test_periph/test_pixart_lcd/BUILD/GAP8/GCC_RISCV//home/osboxes/gap_sdk/rtos/freeRTOS/freertos_kernel/tasks.o
                0x000000001c00363a                xTaskPriorityDisinherit
 .text.vTaskPriorityDisinheritAfterTimeout
                0x000000001c0036ec       0xd4 /home/osboxes/gap_sdk/examples/pmsis/test_periph/test_pixart_lcd/BUILD/GAP8/GCC_RISCV//home/osboxes/gap_sdk/rtos/freeRTOS/freertos_kernel/tasks.o
                0x000000001c0036ec                vTaskPriorityDisinheritAfterTimeout
 .text.pvTaskIncrementMutexHeldCount
                0x000000001c0037c0       0x18 /home/osboxes/gap_sdk/examples/pmsis/test_periph/test_pixart_lcd/BUILD/GAP8/GCC_RISCV//home/osboxes/gap_sdk/rtos/freeRTOS/freertos_kernel/tasks.o
                0x000000001c0037c0                pvTaskIncrementMutexHeldCount
 .text.vApplicationIdleHook
                0x000000001c0037d8       0x12 /home/osboxes/gap_sdk/examples/pmsis/test_periph/test_pixart_lcd/BUILD/GAP8/GCC_RISCV//home/osboxes/gap_sdk/rtos/freeRTOS/demos/gwt/gap8/common/config_files/FreeRTOS_util.o
                0x000000001c0037d8                vApplicationIdleHook
 .text.vApplicationStackOverflowHook
                0x000000001c0037ea       0x18 /home/osboxes/gap_sdk/examples/pmsis/test_periph/test_pixart_lcd/BUILD/GAP8/GCC_RISCV//home/osboxes/gap_sdk/rtos/freeRTOS/demos/gwt/gap8/common/config_files/FreeRTOS_util.o
                0x000000001c0037ea                vApplicationStackOverflowHook
 .text.vApplicationGetIdleTaskMemory
                0x000000001c003802       0x1c /home/osboxes/gap_sdk/examples/pmsis/test_periph/test_pixart_lcd/BUILD/GAP8/GCC_RISCV//home/osboxes/gap_sdk/rtos/freeRTOS/demos/gwt/gap8/common/config_files/FreeRTOS_util.o
                0x000000001c003802                vApplicationGetIdleTaskMemory
 .text.vPrvAssertFailed
                0x000000001c00381e       0x12 /home/osboxes/gap_sdk/examples/pmsis/test_periph/test_pixart_lcd/BUILD/GAP8/GCC_RISCV//home/osboxes/gap_sdk/rtos/freeRTOS/demos/gwt/gap8/common/config_files/FreeRTOS_util.o
                0x000000001c00381e                vPrvAssertFailed
 .text.pxPortInitialiseStack
                0x000000001c003830       0x28 /home/osboxes/gap_sdk/examples/pmsis/test_periph/test_pixart_lcd/BUILD/GAP8/GCC_RISCV//home/osboxes/gap_sdk/rtos/freeRTOS/freertos_kernel/portable/GCC/RI5CY-GAP8/port.o
                0x000000001c003830                pxPortInitialiseStack
 .text.prvSetupTimerInterrupt
                0x000000001c003858        0x6 /home/osboxes/gap_sdk/examples/pmsis/test_periph/test_pixart_lcd/BUILD/GAP8/GCC_RISCV//home/osboxes/gap_sdk/rtos/freeRTOS/freertos_kernel/portable/GCC/RI5CY-GAP8/port.o
                0x000000001c003858                prvSetupTimerInterrupt
 .text.vPortEnter_Critical
                0x000000001c00385e       0x14 /home/osboxes/gap_sdk/examples/pmsis/test_periph/test_pixart_lcd/BUILD/GAP8/GCC_RISCV//home/osboxes/gap_sdk/rtos/freeRTOS/freertos_kernel/portable/GCC/RI5CY-GAP8/port.o
                0x000000001c00385e                vPortEnter_Critical
 .text.vPortExit_Critical
                0x000000001c003872       0x1c /home/osboxes/gap_sdk/examples/pmsis/test_periph/test_pixart_lcd/BUILD/GAP8/GCC_RISCV//home/osboxes/gap_sdk/rtos/freeRTOS/freertos_kernel/portable/GCC/RI5CY-GAP8/port.o
                0x000000001c003872                vPortExit_Critical
 .text.uPortSet_Interrupt_Mask_From_ISR
                0x000000001c00388e        0x6 /home/osboxes/gap_sdk/examples/pmsis/test_periph/test_pixart_lcd/BUILD/GAP8/GCC_RISCV//home/osboxes/gap_sdk/rtos/freeRTOS/freertos_kernel/portable/GCC/RI5CY-GAP8/port.o
                0x000000001c00388e                uPortSet_Interrupt_Mask_From_ISR
 .text.vPortClear_Interrupt_Mask_From_ISR
                0x000000001c003894        0x6 /home/osboxes/gap_sdk/examples/pmsis/test_periph/test_pixart_lcd/BUILD/GAP8/GCC_RISCV//home/osboxes/gap_sdk/rtos/freeRTOS/freertos_kernel/portable/GCC/RI5CY-GAP8/port.o
                0x000000001c003894                vPortClear_Interrupt_Mask_From_ISR
 .text.__semihost_putc_cluster_req
                0x000000001c00389a       0x20 /home/osboxes/gap_sdk/examples/pmsis/test_periph/test_pixart_lcd/BUILD/GAP8/GCC_RISCV//home/osboxes/gap_sdk/rtos/freeRTOS/vendors/gwt/TARGET_GWT/TARGET_GAP8/driver/gap_io.o
 .text.__io_lock
                0x000000001c0038ba       0xd2 /home/osboxes/gap_sdk/examples/pmsis/test_periph/test_pixart_lcd/BUILD/GAP8/GCC_RISCV//home/osboxes/gap_sdk/rtos/freeRTOS/vendors/gwt/TARGET_GWT/TARGET_GAP8/driver/gap_io.o
                0x000000001c0038ba                __io_lock
 .text.__io_unlock
                0x000000001c00398c       0x5c /home/osboxes/gap_sdk/examples/pmsis/test_periph/test_pixart_lcd/BUILD/GAP8/GCC_RISCV//home/osboxes/gap_sdk/rtos/freeRTOS/vendors/gwt/TARGET_GWT/TARGET_GAP8/driver/gap_io.o
                0x000000001c00398c                __io_unlock
 .text._putchar
                0x000000001c0039e8       0xba /home/osboxes/gap_sdk/examples/pmsis/test_periph/test_pixart_lcd/BUILD/GAP8/GCC_RISCV//home/osboxes/gap_sdk/rtos/freeRTOS/vendors/gwt/TARGET_GWT/TARGET_GAP8/driver/gap_io.o
                0x000000001c0039e8                _putchar
 .text.system_exit_printf_flush
                0x000000001c003aa2       0x34 /home/osboxes/gap_sdk/examples/pmsis/test_periph/test_pixart_lcd/BUILD/GAP8/GCC_RISCV//home/osboxes/gap_sdk/rtos/freeRTOS/vendors/gwt/TARGET_GWT/TARGET_GAP8/driver/gap_io.o
                0x000000001c003aa2                system_exit_printf_flush
 .text._procid  0x000000001c003ad6        0xa /home/osboxes/gap_sdk/examples/pmsis/test_periph/test_pixart_lcd/BUILD/GAP8/GCC_RISCV//home/osboxes/gap_sdk/rtos/freeRTOS/vendors/gwt/TARGET_GWT/TARGET_GAP8/device/gap8_it.o
                0x000000001c003ad6                _procid
 .text._clusterid
                0x000000001c003ae0        0x8 /home/osboxes/gap_sdk/examples/pmsis/test_periph/test_pixart_lcd/BUILD/GAP8/GCC_RISCV//home/osboxes/gap_sdk/rtos/freeRTOS/vendors/gwt/TARGET_GWT/TARGET_GAP8/device/gap8_it.o
                0x000000001c003ae0                _clusterid
 .text._isr_default
                0x000000001c003ae8       0x18 /home/osboxes/gap_sdk/examples/pmsis/test_periph/test_pixart_lcd/BUILD/GAP8/GCC_RISCV//home/osboxes/gap_sdk/rtos/freeRTOS/vendors/gwt/TARGET_GWT/TARGET_GAP8/device/gap8_it.o
                0x000000001c003ae8                _isr_default
 .text.vSetPendSV
                0x000000001c003b00       0x14 /home/osboxes/gap_sdk/examples/pmsis/test_periph/test_pixart_lcd/BUILD/GAP8/GCC_RISCV//home/osboxes/gap_sdk/rtos/freeRTOS/vendors/gwt/TARGET_GWT/TARGET_GAP8/device/gap8_it.o
                0x000000001c003b00                vSetPendSV
 .text.uTaskCheckQuantum
                0x000000001c003b14       0x4a /home/osboxes/gap_sdk/examples/pmsis/test_periph/test_pixart_lcd/BUILD/GAP8/GCC_RISCV//home/osboxes/gap_sdk/rtos/freeRTOS/vendors/gwt/TARGET_GWT/TARGET_GAP8/device/gap8_it.o
                0x000000001c003b14                uTaskCheckQuantum
 .text.system_init
                0x000000001c003b5e       0x4a /home/osboxes/gap_sdk/examples/pmsis/test_periph/test_pixart_lcd/BUILD/GAP8/GCC_RISCV//home/osboxes/gap_sdk/rtos/freeRTOS/vendors/gwt/TARGET_GWT/TARGET_GAP8/device/system_gap8.o
                0x000000001c003b5e                system_init
 .text.system_setup_systick
                0x000000001c003ba8       0x4a /home/osboxes/gap_sdk/examples/pmsis/test_periph/test_pixart_lcd/BUILD/GAP8/GCC_RISCV//home/osboxes/gap_sdk/rtos/freeRTOS/vendors/gwt/TARGET_GWT/TARGET_GAP8/device/system_gap8.o
                0x000000001c003ba8                system_setup_systick
 .text.system_core_clock_update
                0x000000001c003bf2       0x1a /home/osboxes/gap_sdk/examples/pmsis/test_periph/test_pixart_lcd/BUILD/GAP8/GCC_RISCV//home/osboxes/gap_sdk/rtos/freeRTOS/vendors/gwt/TARGET_GWT/TARGET_GAP8/device/system_gap8.o
                0x000000001c003bf2                system_core_clock_update
 .text.system_exit
                0x000000001c003c0c       0x64 /home/osboxes/gap_sdk/examples/pmsis/test_periph/test_pixart_lcd/BUILD/GAP8/GCC_RISCV//home/osboxes/gap_sdk/rtos/freeRTOS/vendors/gwt/TARGET_GWT/TARGET_GAP8/device/system_gap8.o
                0x000000001c003c0c                system_exit
 .text.abs      0x000000001c003c70        0x6 /home/osboxes/gap_sdk/examples/pmsis/test_periph/test_pixart_lcd/BUILD/GAP8/GCC_RISCV//home/osboxes/gap_sdk/rtos/freeRTOS/vendors/gwt/TARGET_GWT/libs/src/stdlib.o
                0x000000001c003c70                abs
 .text.exit     0x000000001c003c76        0x2 /home/osboxes/gap_sdk/examples/pmsis/test_periph/test_pixart_lcd/BUILD/GAP8/GCC_RISCV//home/osboxes/gap_sdk/rtos/freeRTOS/vendors/gwt/TARGET_GWT/libs/src/stdlib.o
                0x000000001c003c76                exit
 .text.memcpy   0x000000001c003c78      0x10a /home/osboxes/gap_sdk/examples/pmsis/test_periph/test_pixart_lcd/BUILD/GAP8/GCC_RISCV//home/osboxes/gap_sdk/rtos/freeRTOS/vendors/gwt/TARGET_GWT/libs/src/string.o
                0x000000001c003c78                memcpy
 .text.memset   0x000000001c003d82       0xb6 /home/osboxes/gap_sdk/examples/pmsis/test_periph/test_pixart_lcd/BUILD/GAP8/GCC_RISCV//home/osboxes/gap_sdk/rtos/freeRTOS/vendors/gwt/TARGET_GWT/libs/src/string.o
                0x000000001c003d82                memset
 .text.strcmp   0x000000001c003e38       0x36 /home/osboxes/gap_sdk/examples/pmsis/test_periph/test_pixart_lcd/BUILD/GAP8/GCC_RISCV//home/osboxes/gap_sdk/rtos/freeRTOS/vendors/gwt/TARGET_GWT/libs/src/string.o
                0x000000001c003e38                strcmp
 .text.strncmp  0x000000001c003e6e       0x3c /home/osboxes/gap_sdk/examples/pmsis/test_periph/test_pixart_lcd/BUILD/GAP8/GCC_RISCV//home/osboxes/gap_sdk/rtos/freeRTOS/vendors/gwt/TARGET_GWT/libs/src/string.o
                0x000000001c003e6e                strncmp
 .text.strlen   0x000000001c003eaa       0x1c /home/osboxes/gap_sdk/examples/pmsis/test_periph/test_pixart_lcd/BUILD/GAP8/GCC_RISCV//home/osboxes/gap_sdk/rtos/freeRTOS/vendors/gwt/TARGET_GWT/libs/src/string.o
                0x000000001c003eaa                strlen
 .text._out_buffer
                0x000000001c003ec6        0xa /home/osboxes/gap_sdk/examples/pmsis/test_periph/test_pixart_lcd/BUILD/GAP8/GCC_RISCV//home/osboxes/gap_sdk/rtos/freeRTOS/vendors/gwt/TARGET_GWT/libs/printf/printf.o
 .text._out_null
                0x000000001c003ed0        0x2 /home/osboxes/gap_sdk/examples/pmsis/test_periph/test_pixart_lcd/BUILD/GAP8/GCC_RISCV//home/osboxes/gap_sdk/rtos/freeRTOS/vendors/gwt/TARGET_GWT/libs/printf/printf.o
 .text._out_char
                0x000000001c003ed2        0x8 /home/osboxes/gap_sdk/examples/pmsis/test_periph/test_pixart_lcd/BUILD/GAP8/GCC_RISCV//home/osboxes/gap_sdk/rtos/freeRTOS/vendors/gwt/TARGET_GWT/libs/printf/printf.o
 .text._ntoa_format
                0x000000001c003eda      0x292 /home/osboxes/gap_sdk/examples/pmsis/test_periph/test_pixart_lcd/BUILD/GAP8/GCC_RISCV//home/osboxes/gap_sdk/rtos/freeRTOS/vendors/gwt/TARGET_GWT/libs/printf/printf.o
 .text._vsnprintf
                0x000000001c00416c      0xfe8 /home/osboxes/gap_sdk/examples/pmsis/test_periph/test_pixart_lcd/BUILD/GAP8/GCC_RISCV//home/osboxes/gap_sdk/rtos/freeRTOS/vendors/gwt/TARGET_GWT/libs/printf/printf.o
 .text.printf_  0x000000001c005154       0x42 /home/osboxes/gap_sdk/examples/pmsis/test_periph/test_pixart_lcd/BUILD/GAP8/GCC_RISCV//home/osboxes/gap_sdk/rtos/freeRTOS/vendors/gwt/TARGET_GWT/libs/printf/printf.o
                0x000000001c005154                printf_
 .text.sprintf_
                0x000000001c005196       0x30 /home/osboxes/gap_sdk/examples/pmsis/test_periph/test_pixart_lcd/BUILD/GAP8/GCC_RISCV//home/osboxes/gap_sdk/rtos/freeRTOS/vendors/gwt/TARGET_GWT/libs/printf/printf.o
                0x000000001c005196                sprintf_
 .text.__os_native_api_sem_give
                0x000000001c0051c6       0x1c /home/osboxes/gap_sdk/examples/pmsis/test_periph/test_pixart_lcd/BUILD/GAP8/GCC_RISCV//home/osboxes/gap_sdk/rtos/freeRTOS/vendors/gwt/TARGET_GWT/pmsis/implem/pmsis_rtos/os/pmsis_task.o
 .text.__os_native_api_sem_take
                0x000000001c0051e2        0x6 /home/osboxes/gap_sdk/examples/pmsis/test_periph/test_pixart_lcd/BUILD/GAP8/GCC_RISCV//home/osboxes/gap_sdk/rtos/freeRTOS/vendors/gwt/TARGET_GWT/pmsis/implem/pmsis_rtos/os/pmsis_task.o
 .text.__pi_task_block
                0x000000001c0051e8       0x54 /home/osboxes/gap_sdk/examples/pmsis/test_periph/test_pixart_lcd/BUILD/GAP8/GCC_RISCV//home/osboxes/gap_sdk/rtos/freeRTOS/vendors/gwt/TARGET_GWT/pmsis/implem/pmsis_rtos/os/pmsis_task.o
                0x000000001c0051e8                __pi_task_block
 .text.__pi_task_callback
                0x000000001c00523c       0x1c /home/osboxes/gap_sdk/examples/pmsis/test_periph/test_pixart_lcd/BUILD/GAP8/GCC_RISCV//home/osboxes/gap_sdk/rtos/freeRTOS/vendors/gwt/TARGET_GWT/pmsis/implem/pmsis_rtos/os/pmsis_task.o
                0x000000001c00523c                __pi_task_callback
 .text.__pi_task_destroy
                0x000000001c005258       0x36 /home/osboxes/gap_sdk/examples/pmsis/test_periph/test_pixart_lcd/BUILD/GAP8/GCC_RISCV//home/osboxes/gap_sdk/rtos/freeRTOS/vendors/gwt/TARGET_GWT/pmsis/implem/pmsis_rtos/os/pmsis_task.o
                0x000000001c005258                __pi_task_destroy
 .text.__pi_task_wait_on
                0x000000001c00528e       0x52 /home/osboxes/gap_sdk/examples/pmsis/test_periph/test_pixart_lcd/BUILD/GAP8/GCC_RISCV//home/osboxes/gap_sdk/rtos/freeRTOS/vendors/gwt/TARGET_GWT/pmsis/implem/pmsis_rtos/os/pmsis_task.o
                0x000000001c00528e                __pi_task_wait_on
 .text.__pi_task_push
                0x000000001c0052e0       0x28 /home/osboxes/gap_sdk/examples/pmsis/test_periph/test_pixart_lcd/BUILD/GAP8/GCC_RISCV//home/osboxes/gap_sdk/rtos/freeRTOS/vendors/gwt/TARGET_GWT/pmsis/implem/pmsis_rtos/os/pmsis_task.o
                0x000000001c0052e0                __pi_task_push
 .text.pi_task_release
                0x000000001c005308       0x32 /home/osboxes/gap_sdk/examples/pmsis/test_periph/test_pixart_lcd/BUILD/GAP8/GCC_RISCV//home/osboxes/gap_sdk/rtos/freeRTOS/vendors/gwt/TARGET_GWT/pmsis/implem/pmsis_rtos/os/pmsis_task.o
                0x000000001c005308                pi_task_release
 .text.pi_open_from_conf
                0x000000001c00533a        0x4 /home/osboxes/gap_sdk/examples/pmsis/test_periph/test_pixart_lcd/BUILD/GAP8/GCC_RISCV//home/osboxes/gap_sdk/rtos/freeRTOS/vendors/gwt/TARGET_GWT/pmsis/implem/pmsis_rtos/os/device.o
                0x000000001c00533a                pi_open_from_conf
 .text.__os_native_api_sem_give
                0x000000001c00533e       0x1c /home/osboxes/gap_sdk/examples/pmsis/test_periph/test_pixart_lcd/BUILD/GAP8/GCC_RISCV//home/osboxes/gap_sdk/rtos/freeRTOS/vendors/gwt/TARGET_GWT/pmsis/implem/pmsis_rtos/event_kernel/event_kernel.o
 .text.__os_native_api_sem_take
                0x000000001c00535a        0x6 /home/osboxes/gap_sdk/examples/pmsis/test_periph/test_pixart_lcd/BUILD/GAP8/GCC_RISCV//home/osboxes/gap_sdk/rtos/freeRTOS/vendors/gwt/TARGET_GWT/pmsis/implem/pmsis_rtos/event_kernel/event_kernel.o
 .text.pmsis_event_push
                0x000000001c005360       0x34 /home/osboxes/gap_sdk/examples/pmsis/test_periph/test_pixart_lcd/BUILD/GAP8/GCC_RISCV//home/osboxes/gap_sdk/rtos/freeRTOS/vendors/gwt/TARGET_GWT/pmsis/implem/pmsis_rtos/event_kernel/event_kernel.o
                0x000000001c005360                pmsis_event_push
 .text.pmsis_event_kernel_init
                0x000000001c005394       0x78 /home/osboxes/gap_sdk/examples/pmsis/test_periph/test_pixart_lcd/BUILD/GAP8/GCC_RISCV//home/osboxes/gap_sdk/rtos/freeRTOS/vendors/gwt/TARGET_GWT/pmsis/implem/pmsis_rtos/event_kernel/event_kernel.o
                0x000000001c005394                pmsis_event_kernel_init
 .text.pmsis_event_kernel_main
                0x000000001c00540c       0xb6 /home/osboxes/gap_sdk/examples/pmsis/test_periph/test_pixart_lcd/BUILD/GAP8/GCC_RISCV//home/osboxes/gap_sdk/rtos/freeRTOS/vendors/gwt/TARGET_GWT/pmsis/implem/pmsis_rtos/event_kernel/event_kernel.o
                0x000000001c00540c                pmsis_event_kernel_main
 .text.pmsis_event_get_default_scheduler
                0x000000001c0054c2        0xa /home/osboxes/gap_sdk/examples/pmsis/test_periph/test_pixart_lcd/BUILD/GAP8/GCC_RISCV//home/osboxes/gap_sdk/rtos/freeRTOS/vendors/gwt/TARGET_GWT/pmsis/implem/pmsis_rtos/event_kernel/event_kernel.o
                0x000000001c0054c2                pmsis_event_get_default_scheduler
 .text.pmsis_event_set_default_scheduler
                0x000000001c0054cc        0xa /home/osboxes/gap_sdk/examples/pmsis/test_periph/test_pixart_lcd/BUILD/GAP8/GCC_RISCV//home/osboxes/gap_sdk/rtos/freeRTOS/vendors/gwt/TARGET_GWT/pmsis/implem/pmsis_rtos/event_kernel/event_kernel.o
                0x000000001c0054cc                pmsis_event_set_default_scheduler
 .text.pi_fc_l1_malloc
                0x000000001c0054d6       0x22 /home/osboxes/gap_sdk/examples/pmsis/test_periph/test_pixart_lcd/BUILD/GAP8/GCC_RISCV//home/osboxes/gap_sdk/rtos/freeRTOS/vendors/gwt/TARGET_GWT/pmsis/implem/pmsis_rtos/malloc/fc_l1_malloc.o
                0x000000001c0054d6                pi_fc_l1_malloc
 .text.pi_fc_l1_free
                0x000000001c0054f8       0x24 /home/osboxes/gap_sdk/examples/pmsis/test_periph/test_pixart_lcd/BUILD/GAP8/GCC_RISCV//home/osboxes/gap_sdk/rtos/freeRTOS/vendors/gwt/TARGET_GWT/pmsis/implem/pmsis_rtos/malloc/fc_l1_malloc.o
                0x000000001c0054f8                pi_fc_l1_free
 .text.pi_fc_l1_malloc_init
                0x000000001c00551c       0x20 /home/osboxes/gap_sdk/examples/pmsis/test_periph/test_pixart_lcd/BUILD/GAP8/GCC_RISCV//home/osboxes/gap_sdk/rtos/freeRTOS/vendors/gwt/TARGET_GWT/pmsis/implem/pmsis_rtos/malloc/fc_l1_malloc.o
                0x000000001c00551c                pi_fc_l1_malloc_init
 .text.__malloc_init
                0x000000001c00553c       0x20 /home/osboxes/gap_sdk/examples/pmsis/test_periph/test_pixart_lcd/BUILD/GAP8/GCC_RISCV//home/osboxes/gap_sdk/rtos/freeRTOS/vendors/gwt/TARGET_GWT/pmsis/implem/pmsis_rtos/malloc/malloc_internal.o
                0x000000001c00553c                __malloc_init
 .text.__malloc
                0x000000001c00555c       0x4a /home/osboxes/gap_sdk/examples/pmsis/test_periph/test_pixart_lcd/BUILD/GAP8/GCC_RISCV//home/osboxes/gap_sdk/rtos/freeRTOS/vendors/gwt/TARGET_GWT/pmsis/implem/pmsis_rtos/malloc/malloc_internal.o
                0x000000001c00555c                __malloc
 .text.__malloc_free
                0x000000001c0055a6       0x5c /home/osboxes/gap_sdk/examples/pmsis/test_periph/test_pixart_lcd/BUILD/GAP8/GCC_RISCV//home/osboxes/gap_sdk/rtos/freeRTOS/vendors/gwt/TARGET_GWT/pmsis/implem/pmsis_rtos/malloc/malloc_internal.o
                0x000000001c0055a6                __malloc_free
 .text.pi_malloc_init
                0x000000001c005602       0x4a /home/osboxes/gap_sdk/examples/pmsis/test_periph/test_pixart_lcd/BUILD/GAP8/GCC_RISCV//home/osboxes/gap_sdk/rtos/freeRTOS/vendors/gwt/TARGET_GWT/pmsis/implem/pmsis_rtos/malloc/pi_malloc.o
                0x000000001c005602                pi_malloc_init
 .text.pi_malloc
                0x000000001c00564c      0x112 /home/osboxes/gap_sdk/examples/pmsis/test_periph/test_pixart_lcd/BUILD/GAP8/GCC_RISCV//home/osboxes/gap_sdk/rtos/freeRTOS/vendors/gwt/TARGET_GWT/pmsis/implem/pmsis_rtos/malloc/pi_malloc.o
                0x000000001c00564c                pi_malloc
 .text.pi_free  0x000000001c00575e      0x124 /home/osboxes/gap_sdk/examples/pmsis/test_periph/test_pixart_lcd/BUILD/GAP8/GCC_RISCV//home/osboxes/gap_sdk/rtos/freeRTOS/vendors/gwt/TARGET_GWT/pmsis/implem/pmsis_rtos/malloc/pi_malloc.o
                0x000000001c00575e                pi_free
 .text.pi_l2_malloc
                0x000000001c005882       0x5c /home/osboxes/gap_sdk/examples/pmsis/test_periph/test_pixart_lcd/BUILD/GAP8/GCC_RISCV//home/osboxes/gap_sdk/rtos/freeRTOS/vendors/gwt/TARGET_GWT/pmsis/implem/pmsis_rtos/malloc/l2_malloc.o
                0x000000001c005882                pi_l2_malloc
 .text.pi_l2_free
                0x000000001c0058de       0x3c /home/osboxes/gap_sdk/examples/pmsis/test_periph/test_pixart_lcd/BUILD/GAP8/GCC_RISCV//home/osboxes/gap_sdk/rtos/freeRTOS/vendors/gwt/TARGET_GWT/pmsis/implem/pmsis_rtos/malloc/l2_malloc.o
                0x000000001c0058de                pi_l2_free
 .text.pi_l2_malloc_init
                0x000000001c00591a       0x22 /home/osboxes/gap_sdk/examples/pmsis/test_periph/test_pixart_lcd/BUILD/GAP8/GCC_RISCV//home/osboxes/gap_sdk/rtos/freeRTOS/vendors/gwt/TARGET_GWT/pmsis/implem/pmsis_rtos/malloc/l2_malloc.o
                0x000000001c00591a                pi_l2_malloc_init
 .text.pi_cl_l1_free
                0x000000001c00593c        0xc /home/osboxes/gap_sdk/examples/pmsis/test_periph/test_pixart_lcd/BUILD/GAP8/GCC_RISCV//home/osboxes/gap_sdk/rtos/freeRTOS/vendors/gwt/TARGET_GWT/pmsis/implem/pmsis_rtos/malloc/cl_l1_malloc.o
                0x000000001c00593c                pi_cl_l1_free
 .text.gpio_handler
                0x000000001c005948       0x5c /home/osboxes/gap_sdk/examples/pmsis/test_periph/test_pixart_lcd/BUILD/GAP8/GCC_RISCV//home/osboxes/gap_sdk/rtos/freeRTOS/vendors/gwt/TARGET_GWT/pmsis/implem/pmsis_driver/gpio/gpio.o
 .text.pi_gpio_conf_init
                0x000000001c0059a4        0xa /home/osboxes/gap_sdk/examples/pmsis/test_periph/test_pixart_lcd/BUILD/GAP8/GCC_RISCV//home/osboxes/gap_sdk/rtos/freeRTOS/vendors/gwt/TARGET_GWT/pmsis/implem/pmsis_driver/gpio/gpio.o
                0x000000001c0059a4                pi_gpio_conf_init
 .text.pi_gpio_open
                0x000000001c0059ae       0x3a /home/osboxes/gap_sdk/examples/pmsis/test_periph/test_pixart_lcd/BUILD/GAP8/GCC_RISCV//home/osboxes/gap_sdk/rtos/freeRTOS/vendors/gwt/TARGET_GWT/pmsis/implem/pmsis_driver/gpio/gpio.o
                0x000000001c0059ae                pi_gpio_open
 .text.pi_gpio_pin_configure
                0x000000001c0059e8       0x9e /home/osboxes/gap_sdk/examples/pmsis/test_periph/test_pixart_lcd/BUILD/GAP8/GCC_RISCV//home/osboxes/gap_sdk/rtos/freeRTOS/vendors/gwt/TARGET_GWT/pmsis/implem/pmsis_driver/gpio/gpio.o
                0x000000001c0059e8                pi_gpio_pin_configure
 .text.pi_gpio_pin_write
                0x000000001c005a86       0x28 /home/osboxes/gap_sdk/examples/pmsis/test_periph/test_pixart_lcd/BUILD/GAP8/GCC_RISCV//home/osboxes/gap_sdk/rtos/freeRTOS/vendors/gwt/TARGET_GWT/pmsis/implem/pmsis_driver/gpio/gpio.o
                0x000000001c005a86                pi_gpio_pin_write
 .text.pi_spi_conf_init
                0x000000001c005aae       0x20 /home/osboxes/gap_sdk/examples/pmsis/test_periph/test_pixart_lcd/BUILD/GAP8/GCC_RISCV//home/osboxes/gap_sdk/rtos/freeRTOS/vendors/gwt/TARGET_GWT/pmsis/implem/pmsis_driver/spi/spi_internal.o
                0x000000001c005aae                pi_spi_conf_init
 .text.__pi_spi_open
                0x000000001c005ace      0x1d0 /home/osboxes/gap_sdk/examples/pmsis/test_periph/test_pixart_lcd/BUILD/GAP8/GCC_RISCV//home/osboxes/gap_sdk/rtos/freeRTOS/vendors/gwt/TARGET_GWT/pmsis/implem/pmsis_driver/spi/spi_internal.o
                0x000000001c005ace                __pi_spi_open
 .text.__pi_spi_close
                0x000000001c005c9e       0xce /home/osboxes/gap_sdk/examples/pmsis/test_periph/test_pixart_lcd/BUILD/GAP8/GCC_RISCV//home/osboxes/gap_sdk/rtos/freeRTOS/vendors/gwt/TARGET_GWT/pmsis/implem/pmsis_driver/spi/spi_internal.o
                0x000000001c005c9e                __pi_spi_close
 .text.__pi_spi_receive_async
                0x000000001c005d6c      0x112 /home/osboxes/gap_sdk/examples/pmsis/test_periph/test_pixart_lcd/BUILD/GAP8/GCC_RISCV//home/osboxes/gap_sdk/rtos/freeRTOS/vendors/gwt/TARGET_GWT/pmsis/implem/pmsis_driver/spi/spi_internal.o
                0x000000001c005d6c                __pi_spi_receive_async
 .text.__pi_spi_send_async
                0x000000001c005e7e      0x140 /home/osboxes/gap_sdk/examples/pmsis/test_periph/test_pixart_lcd/BUILD/GAP8/GCC_RISCV//home/osboxes/gap_sdk/rtos/freeRTOS/vendors/gwt/TARGET_GWT/pmsis/implem/pmsis_driver/spi/spi_internal.o
                0x000000001c005e7e                __pi_spi_send_async
 .text.spim_eot_handler
                0x000000001c005fbe      0x2b4 /home/osboxes/gap_sdk/examples/pmsis/test_periph/test_pixart_lcd/BUILD/GAP8/GCC_RISCV//home/osboxes/gap_sdk/rtos/freeRTOS/vendors/gwt/TARGET_GWT/pmsis/implem/pmsis_driver/spi/spi_internal.o
                0x000000001c005fbe                spim_eot_handler
 .text.__pi_spi_xfer_async
                0x000000001c006272      0x142 /home/osboxes/gap_sdk/examples/pmsis/test_periph/test_pixart_lcd/BUILD/GAP8/GCC_RISCV//home/osboxes/gap_sdk/rtos/freeRTOS/vendors/gwt/TARGET_GWT/pmsis/implem/pmsis_driver/spi/spi_internal.o
                0x000000001c006272                __pi_spi_xfer_async
 .text.spim_rx_handler
                0x000000001c0063b4       0xd8 /home/osboxes/gap_sdk/examples/pmsis/test_periph/test_pixart_lcd/BUILD/GAP8/GCC_RISCV//home/osboxes/gap_sdk/rtos/freeRTOS/vendors/gwt/TARGET_GWT/pmsis/implem/pmsis_driver/spi/spi_internal.o
                0x000000001c0063b4                spim_rx_handler
 .text.spim_tx_handler
                0x000000001c00648c       0xe2 /home/osboxes/gap_sdk/examples/pmsis/test_periph/test_pixart_lcd/BUILD/GAP8/GCC_RISCV//home/osboxes/gap_sdk/rtos/freeRTOS/vendors/gwt/TARGET_GWT/pmsis/implem/pmsis_driver/spi/spi_internal.o
                0x000000001c00648c                spim_tx_handler
 .text.pi_spi_open
                0x000000001c00656e       0x1e /home/osboxes/gap_sdk/examples/pmsis/test_periph/test_pixart_lcd/BUILD/GAP8/GCC_RISCV//home/osboxes/gap_sdk/rtos/freeRTOS/vendors/gwt/TARGET_GWT/pmsis/implem/pmsis_driver/spi/spi.o
                0x000000001c00656e                pi_spi_open
 .text.pi_spi_close
                0x000000001c00658c       0x1c /home/osboxes/gap_sdk/examples/pmsis/test_periph/test_pixart_lcd/BUILD/GAP8/GCC_RISCV//home/osboxes/gap_sdk/rtos/freeRTOS/vendors/gwt/TARGET_GWT/pmsis/implem/pmsis_driver/spi/spi.o
                0x000000001c00658c                pi_spi_close
 .text.pi_spi_send
                0x000000001c0065a8       0x42 /home/osboxes/gap_sdk/examples/pmsis/test_periph/test_pixart_lcd/BUILD/GAP8/GCC_RISCV//home/osboxes/gap_sdk/rtos/freeRTOS/vendors/gwt/TARGET_GWT/pmsis/implem/pmsis_driver/spi/spi.o
                0x000000001c0065a8                pi_spi_send
 .text.pi_spi_receive
                0x000000001c0065ea       0x42 /home/osboxes/gap_sdk/examples/pmsis/test_periph/test_pixart_lcd/BUILD/GAP8/GCC_RISCV//home/osboxes/gap_sdk/rtos/freeRTOS/vendors/gwt/TARGET_GWT/pmsis/implem/pmsis_driver/spi/spi.o
                0x000000001c0065ea                pi_spi_receive
 .text.cpi_handler
                0x000000001c00662c       0x9c /home/osboxes/gap_sdk/examples/pmsis/test_periph/test_pixart_lcd/BUILD/GAP8/GCC_RISCV//home/osboxes/gap_sdk/rtos/freeRTOS/vendors/gwt/TARGET_GWT/pmsis/implem/pmsis_driver/cpi/cpi_internal.o
                0x000000001c00662c                cpi_handler
 .text.__pi_cpi_copy
                0x000000001c0066c8       0x96 /home/osboxes/gap_sdk/examples/pmsis/test_periph/test_pixart_lcd/BUILD/GAP8/GCC_RISCV//home/osboxes/gap_sdk/rtos/freeRTOS/vendors/gwt/TARGET_GWT/pmsis/implem/pmsis_driver/cpi/cpi_internal.o
                0x000000001c0066c8                __pi_cpi_copy
 .text.pi_cpi_conf_init
                0x000000001c00675e        0xa /home/osboxes/gap_sdk/examples/pmsis/test_periph/test_pixart_lcd/BUILD/GAP8/GCC_RISCV//home/osboxes/gap_sdk/rtos/freeRTOS/vendors/gwt/TARGET_GWT/pmsis/implem/pmsis_driver/cpi/cpi.o
                0x000000001c00675e                pi_cpi_conf_init
 .text.pi_cpi_open
                0x000000001c006768       0xec /home/osboxes/gap_sdk/examples/pmsis/test_periph/test_pixart_lcd/BUILD/GAP8/GCC_RISCV//home/osboxes/gap_sdk/rtos/freeRTOS/vendors/gwt/TARGET_GWT/pmsis/implem/pmsis_driver/cpi/cpi.o
                0x000000001c006768                pi_cpi_open
 .text.pi_cpi_close
                0x000000001c006854       0x96 /home/osboxes/gap_sdk/examples/pmsis/test_periph/test_pixart_lcd/BUILD/GAP8/GCC_RISCV//home/osboxes/gap_sdk/rtos/freeRTOS/vendors/gwt/TARGET_GWT/pmsis/implem/pmsis_driver/cpi/cpi.o
                0x000000001c006854                pi_cpi_close
 .text.pi_cpi_capture_async
                0x000000001c0068ea       0x24 /home/osboxes/gap_sdk/examples/pmsis/test_periph/test_pixart_lcd/BUILD/GAP8/GCC_RISCV//home/osboxes/gap_sdk/rtos/freeRTOS/vendors/gwt/TARGET_GWT/pmsis/implem/pmsis_driver/cpi/cpi.o
                0x000000001c0068ea                pi_cpi_capture_async
 .text.pwm_handler
                0x000000001c00690e       0x32 /home/osboxes/gap_sdk/examples/pmsis/test_periph/test_pixart_lcd/BUILD/GAP8/GCC_RISCV//home/osboxes/gap_sdk/rtos/freeRTOS/vendors/gwt/TARGET_GWT/pmsis/implem/pmsis_driver/pwm/pwm_internal.o
                0x000000001c00690e                pwm_handler
 .text.__pi_pwm_conf_init
                0x000000001c006940       0x20 /home/osboxes/gap_sdk/examples/pmsis/test_periph/test_pixart_lcd/BUILD/GAP8/GCC_RISCV//home/osboxes/gap_sdk/rtos/freeRTOS/vendors/gwt/TARGET_GWT/pmsis/implem/pmsis_driver/pwm/pwm_internal.o
                0x000000001c006940                __pi_pwm_conf_init
 .text.__pi_pwm_open
                0x000000001c006960       0x6c /home/osboxes/gap_sdk/examples/pmsis/test_periph/test_pixart_lcd/BUILD/GAP8/GCC_RISCV//home/osboxes/gap_sdk/rtos/freeRTOS/vendors/gwt/TARGET_GWT/pmsis/implem/pmsis_driver/pwm/pwm_internal.o
                0x000000001c006960                __pi_pwm_open
 .text.__pi_pwm_close
                0x000000001c0069cc       0x52 /home/osboxes/gap_sdk/examples/pmsis/test_periph/test_pixart_lcd/BUILD/GAP8/GCC_RISCV//home/osboxes/gap_sdk/rtos/freeRTOS/vendors/gwt/TARGET_GWT/pmsis/implem/pmsis_driver/pwm/pwm_internal.o
                0x000000001c0069cc                __pi_pwm_close
 .text.__pi_pwm_ioctl
                0x000000001c006a1e      0x14c /home/osboxes/gap_sdk/examples/pmsis/test_periph/test_pixart_lcd/BUILD/GAP8/GCC_RISCV//home/osboxes/gap_sdk/rtos/freeRTOS/vendors/gwt/TARGET_GWT/pmsis/implem/pmsis_driver/pwm/pwm_internal.o
                0x000000001c006a1e                __pi_pwm_ioctl
 .text.pi_pwm_conf_init
                0x000000001c006b6a        0x4 /home/osboxes/gap_sdk/examples/pmsis/test_periph/test_pixart_lcd/BUILD/GAP8/GCC_RISCV//home/osboxes/gap_sdk/rtos/freeRTOS/vendors/gwt/TARGET_GWT/pmsis/implem/pmsis_driver/pwm/pwm.o
                0x000000001c006b6a                pi_pwm_conf_init
 .text.pi_pwm_open
                0x000000001c006b6e       0x1c /home/osboxes/gap_sdk/examples/pmsis/test_periph/test_pixart_lcd/BUILD/GAP8/GCC_RISCV//home/osboxes/gap_sdk/rtos/freeRTOS/vendors/gwt/TARGET_GWT/pmsis/implem/pmsis_driver/pwm/pwm.o
                0x000000001c006b6e                pi_pwm_open
 .text.pi_pwm_close
                0x000000001c006b8a        0x8 /home/osboxes/gap_sdk/examples/pmsis/test_periph/test_pixart_lcd/BUILD/GAP8/GCC_RISCV//home/osboxes/gap_sdk/rtos/freeRTOS/vendors/gwt/TARGET_GWT/pmsis/implem/pmsis_driver/pwm/pwm.o
                0x000000001c006b8a                pi_pwm_close
 .text.pi_pwm_duty_cycle_set
                0x000000001c006b92       0x6c /home/osboxes/gap_sdk/examples/pmsis/test_periph/test_pixart_lcd/BUILD/GAP8/GCC_RISCV//home/osboxes/gap_sdk/rtos/freeRTOS/vendors/gwt/TARGET_GWT/pmsis/implem/pmsis_driver/pwm/pwm.o
                0x000000001c006b92                pi_pwm_duty_cycle_set
 .text.pi_pad_set_function
                0x000000001c006bfe       0x38 /home/osboxes/gap_sdk/examples/pmsis/test_periph/test_pixart_lcd/BUILD/GAP8/GCC_RISCV//home/osboxes/gap_sdk/rtos/freeRTOS/vendors/gwt/TARGET_GWT/pmsis/implem/pmsis_driver/pad/pad.o
                0x000000001c006bfe                pi_pad_set_function
 .text.pi_pad_init
                0x000000001c006c36       0x26 /home/osboxes/gap_sdk/examples/pmsis/test_periph/test_pixart_lcd/BUILD/GAP8/GCC_RISCV//home/osboxes/gap_sdk/rtos/freeRTOS/vendors/gwt/TARGET_GWT/pmsis/implem/pmsis_driver/pad/pad.o
                0x000000001c006c36                pi_pad_init
 .text.fc_event_null_event
                0x000000001c006c5c        0x2 /home/osboxes/gap_sdk/examples/pmsis/test_periph/test_pixart_lcd/BUILD/GAP8/GCC_RISCV//home/osboxes/gap_sdk/rtos/freeRTOS/vendors/gwt/TARGET_GWT/pmsis/implem/pmsis_driver/pmsis_fc_event.o
 .text.pi_fc_event_handler_init
                0x000000001c006c5e       0x2e /home/osboxes/gap_sdk/examples/pmsis/test_periph/test_pixart_lcd/BUILD/GAP8/GCC_RISCV//home/osboxes/gap_sdk/rtos/freeRTOS/vendors/gwt/TARGET_GWT/pmsis/implem/pmsis_driver/pmsis_fc_event.o
                0x000000001c006c5e                pi_fc_event_handler_init
 .text.pi_fc_event_handler_set
                0x000000001c006c8c       0x10 /home/osboxes/gap_sdk/examples/pmsis/test_periph/test_pixart_lcd/BUILD/GAP8/GCC_RISCV//home/osboxes/gap_sdk/rtos/freeRTOS/vendors/gwt/TARGET_GWT/pmsis/implem/pmsis_driver/pmsis_fc_event.o
                0x000000001c006c8c                pi_fc_event_handler_set
 .text.pi_fc_event_handler_clear
                0x000000001c006c9c       0x18 /home/osboxes/gap_sdk/examples/pmsis/test_periph/test_pixart_lcd/BUILD/GAP8/GCC_RISCV//home/osboxes/gap_sdk/rtos/freeRTOS/vendors/gwt/TARGET_GWT/pmsis/implem/pmsis_driver/pmsis_fc_event.o
                0x000000001c006c9c                pi_fc_event_handler_clear
 .text.pi_pmu_init
                0x000000001c006cb4       0xfe /home/osboxes/gap_sdk/examples/pmsis/test_periph/test_pixart_lcd/BUILD/GAP8/GCC_RISCV//home/osboxes/gap_sdk/rtos/freeRTOS/vendors/gwt/TARGET_GWT/pmsis/implem/pmsis_driver/pmu/pmu_gap8.o
                0x000000001c006cb4                pi_pmu_init
 .text.cl_set_core_stack
                0x000000001c006db2       0x2c /home/osboxes/gap_sdk/examples/pmsis/test_periph/test_pixart_lcd/BUILD/GAP8/GCC_RISCV//home/osboxes/gap_sdk/rtos/freeRTOS/vendors/gwt/TARGET_GWT/pmsis/implem/pmsis_cluster/drivers/cluster_synchronisation/fc_to_cl_delegate.o
 .text.cl_cluster_exec_loop
                0x000000001c006dde       0xa2 /home/osboxes/gap_sdk/examples/pmsis/test_periph/test_pixart_lcd/BUILD/GAP8/GCC_RISCV//home/osboxes/gap_sdk/rtos/freeRTOS/vendors/gwt/TARGET_GWT/pmsis/implem/pmsis_cluster/drivers/cluster_synchronisation/fc_to_cl_delegate.o
                0x000000001c006dde                cl_cluster_exec_loop
 .text.cl_stack_init
                0x000000001c006e80       0x20 /home/osboxes/gap_sdk/examples/pmsis/test_periph/test_pixart_lcd/BUILD/GAP8/GCC_RISCV//home/osboxes/gap_sdk/rtos/freeRTOS/vendors/gwt/TARGET_GWT/pmsis/implem/pmsis_cluster/drivers/cluster_synchronisation/fc_to_cl_delegate.o
                0x000000001c006e80                cl_stack_init
 .text.cl_task_finish
                0x000000001c006ea0       0x74 /home/osboxes/gap_sdk/examples/pmsis/test_periph/test_pixart_lcd/BUILD/GAP8/GCC_RISCV//home/osboxes/gap_sdk/rtos/freeRTOS/vendors/gwt/TARGET_GWT/pmsis/implem/pmsis_cluster/drivers/cluster_synchronisation/fc_to_cl_delegate.o
                0x000000001c006ea0                cl_task_finish
 .text.pi_cluster_is_on
                0x000000001c006f14       0x1a /home/osboxes/gap_sdk/examples/pmsis/test_periph/test_pixart_lcd/BUILD/GAP8/GCC_RISCV//home/osboxes/gap_sdk/rtos/freeRTOS/vendors/gwt/TARGET_GWT/pmsis/implem/pmsis_cluster/drivers/cluster_synchronisation/fc_to_cl_delegate.o
                0x000000001c006f14                pi_cluster_is_on
 .text.cl_notify_fc_event_handler
                0x000000001c006f2e       0x38 /home/osboxes/gap_sdk/examples/pmsis/test_periph/test_pixart_lcd/BUILD/GAP8/GCC_RISCV//home/osboxes/gap_sdk/rtos/freeRTOS/vendors/gwt/TARGET_GWT/pmsis/implem/pmsis_cluster/drivers/cluster_synchronisation/cl_to_fc_delegate.o
                0x000000001c006f2e                cl_notify_fc_event_handler
 .text.pi_cl_send_task_to_fc
                0x000000001c006f66       0x50 /home/osboxes/gap_sdk/examples/pmsis/test_periph/test_pixart_lcd/BUILD/GAP8/GCC_RISCV//home/osboxes/gap_sdk/rtos/freeRTOS/vendors/gwt/TARGET_GWT/pmsis/implem/pmsis_cluster/drivers/cluster_synchronisation/cl_to_fc_delegate.o
                0x000000001c006f66                pi_cl_send_task_to_fc
 .text.cl_wait_task
                0x000000001c006fb6       0x28 /home/osboxes/gap_sdk/examples/pmsis/test_periph/test_pixart_lcd/BUILD/GAP8/GCC_RISCV//home/osboxes/gap_sdk/rtos/freeRTOS/vendors/gwt/TARGET_GWT/pmsis/implem/pmsis_cluster/drivers/cluster_synchronisation/cl_to_fc_delegate.o
                0x000000001c006fb6                cl_wait_task
 .text.cl_notify_task_done
                0x000000001c006fde       0x10 /home/osboxes/gap_sdk/examples/pmsis/test_periph/test_pixart_lcd/BUILD/GAP8/GCC_RISCV//home/osboxes/gap_sdk/rtos/freeRTOS/vendors/gwt/TARGET_GWT/pmsis/implem/pmsis_cluster/drivers/cluster_synchronisation/cl_to_fc_delegate.o
                0x000000001c006fde                cl_notify_task_done
 .text.pi_cl_team_fork
                0x000000001c006fee       0x7a /home/osboxes/gap_sdk/examples/pmsis/test_periph/test_pixart_lcd/BUILD/GAP8/GCC_RISCV//home/osboxes/gap_sdk/rtos/freeRTOS/vendors/gwt/TARGET_GWT/pmsis/implem/pmsis_cluster/drivers/cluster_team/cl_team.o
                0x000000001c006fee                pi_cl_team_fork
 .text.pi_cl_dma_2d_handler
                0x000000001c007068       0x56 /home/osboxes/gap_sdk/examples/pmsis/test_periph/test_pixart_lcd/BUILD/GAP8/GCC_RISCV//home/osboxes/gap_sdk/rtos/freeRTOS/vendors/gwt/TARGET_GWT/pmsis/implem/pmsis_cluster/drivers/dma/cl_dma_irq.o
                0x000000001c007068                pi_cl_dma_2d_handler
 .text.pi_fll_set_frequency
                0x000000001c0070be      0x198 /home/osboxes/gap_sdk/examples/pmsis/test_periph/test_pixart_lcd/BUILD/GAP8/GCC_RISCV//home/osboxes/gap_sdk/rtos/freeRTOS/vendors/gwt/TARGET_GWT/pmsis/implem/pmsis_hal/GAP8/fll/fll_gap8.o
                0x000000001c0070be                pi_fll_set_frequency
 .text.pi_fll_init
                0x000000001c007256      0x13e /home/osboxes/gap_sdk/examples/pmsis/test_periph/test_pixart_lcd/BUILD/GAP8/GCC_RISCV//home/osboxes/gap_sdk/rtos/freeRTOS/vendors/gwt/TARGET_GWT/pmsis/implem/pmsis_hal/GAP8/fll/fll_gap8.o
                0x000000001c007256                pi_fll_init
 .text.pi_fll_get_frequency
                0x000000001c007394       0x5e /home/osboxes/gap_sdk/examples/pmsis/test_periph/test_pixart_lcd/BUILD/GAP8/GCC_RISCV//home/osboxes/gap_sdk/rtos/freeRTOS/vendors/gwt/TARGET_GWT/pmsis/implem/pmsis_hal/GAP8/fll/fll_gap8.o
                0x000000001c007394                pi_fll_get_frequency
 .text.pi_fs_conf_init
                0x000000001c0073f2       0x12 /home/osboxes/gap_sdk/examples/pmsis/test_periph/test_pixart_lcd/BUILD/GAP8/GCC_RISCV//home/osboxes/gap_sdk/rtos/pmsis/pmsis_bsp/fs/fs.o
                0x000000001c0073f2                pi_fs_conf_init
 .text.pi_fs_mount
                0x000000001c007404       0x2e /home/osboxes/gap_sdk/examples/pmsis/test_periph/test_pixart_lcd/BUILD/GAP8/GCC_RISCV//home/osboxes/gap_sdk/rtos/pmsis/pmsis_bsp/fs/fs.o
                0x000000001c007404                pi_fs_mount
 .text.pi_fs_unmount
                0x000000001c007432        0x8 /home/osboxes/gap_sdk/examples/pmsis/test_periph/test_pixart_lcd/BUILD/GAP8/GCC_RISCV//home/osboxes/gap_sdk/rtos/pmsis/pmsis_bsp/fs/fs.o
                0x000000001c007432                pi_fs_unmount
 .text.pi_fs_open
                0x000000001c00743a        0x8 /home/osboxes/gap_sdk/examples/pmsis/test_periph/test_pixart_lcd/BUILD/GAP8/GCC_RISCV//home/osboxes/gap_sdk/rtos/pmsis/pmsis_bsp/fs/fs.o
                0x000000001c00743a                pi_fs_open
 .text.pi_fs_close
                0x000000001c007442        0x8 /home/osboxes/gap_sdk/examples/pmsis/test_periph/test_pixart_lcd/BUILD/GAP8/GCC_RISCV//home/osboxes/gap_sdk/rtos/pmsis/pmsis_bsp/fs/fs.o
                0x000000001c007442                pi_fs_close
 .text.pi_fs_read
                0x000000001c00744a       0x3a /home/osboxes/gap_sdk/examples/pmsis/test_periph/test_pixart_lcd/BUILD/GAP8/GCC_RISCV//home/osboxes/gap_sdk/rtos/pmsis/pmsis_bsp/fs/fs.o
                0x000000001c00744a                pi_fs_read
 .text.pi_fs_write
                0x000000001c007484       0x3a /home/osboxes/gap_sdk/examples/pmsis/test_periph/test_pixart_lcd/BUILD/GAP8/GCC_RISCV//home/osboxes/gap_sdk/rtos/pmsis/pmsis_bsp/fs/fs.o
                0x000000001c007484                pi_fs_write
 .text.__pi_read_fs_write
                0x000000001c0074be       0x46 /home/osboxes/gap_sdk/examples/pmsis/test_periph/test_pixart_lcd/BUILD/GAP8/GCC_RISCV//home/osboxes/gap_sdk/rtos/pmsis/pmsis_bsp/fs/read_fs/read_fs.o
 .text.__pi_read_fs_seek
                0x000000001c007504       0x10 /home/osboxes/gap_sdk/examples/pmsis/test_periph/test_pixart_lcd/BUILD/GAP8/GCC_RISCV//home/osboxes/gap_sdk/rtos/pmsis/pmsis_bsp/fs/read_fs/read_fs.o
 .text.__pi_read_fs_direct_read_async
                0x000000001c007514       0x4a /home/osboxes/gap_sdk/examples/pmsis/test_periph/test_pixart_lcd/BUILD/GAP8/GCC_RISCV//home/osboxes/gap_sdk/rtos/pmsis/pmsis_bsp/fs/read_fs/read_fs.o
 .text.__pi_read_fs_copy_async
                0x000000001c00755e       0x1a /home/osboxes/gap_sdk/examples/pmsis/test_periph/test_pixart_lcd/BUILD/GAP8/GCC_RISCV//home/osboxes/gap_sdk/rtos/pmsis/pmsis_bsp/fs/read_fs/read_fs.o
 .text.__pi_read_fs_copy_2d_async
                0x000000001c007578       0x1a /home/osboxes/gap_sdk/examples/pmsis/test_periph/test_pixart_lcd/BUILD/GAP8/GCC_RISCV//home/osboxes/gap_sdk/rtos/pmsis/pmsis_bsp/fs/read_fs/read_fs.o
 .text.__pi_read_fs_open
                0x000000001c007592      0x108 /home/osboxes/gap_sdk/examples/pmsis/test_periph/test_pixart_lcd/BUILD/GAP8/GCC_RISCV//home/osboxes/gap_sdk/rtos/pmsis/pmsis_bsp/fs/read_fs/read_fs.o
 .text.__pi_fs_mount_step
                0x000000001c00769a      0x148 /home/osboxes/gap_sdk/examples/pmsis/test_periph/test_pixart_lcd/BUILD/GAP8/GCC_RISCV//home/osboxes/gap_sdk/rtos/pmsis/pmsis_bsp/fs/read_fs/read_fs.o
 .text.__pi_read_fs_close
                0x000000001c0077e2       0x50 /home/osboxes/gap_sdk/examples/pmsis/test_periph/test_pixart_lcd/BUILD/GAP8/GCC_RISCV//home/osboxes/gap_sdk/rtos/pmsis/pmsis_bsp/fs/read_fs/read_fs.o
 .text.__pi_read_fs_unmount
                0x000000001c007832       0x3a /home/osboxes/gap_sdk/examples/pmsis/test_periph/test_pixart_lcd/BUILD/GAP8/GCC_RISCV//home/osboxes/gap_sdk/rtos/pmsis/pmsis_bsp/fs/read_fs/read_fs.o
 .text.__pi_read_fs_read_async
                0x000000001c00786c      0x1f8 /home/osboxes/gap_sdk/examples/pmsis/test_periph/test_pixart_lcd/BUILD/GAP8/GCC_RISCV//home/osboxes/gap_sdk/rtos/pmsis/pmsis_bsp/fs/read_fs/read_fs.o
 .text.__pi_read_fs_try_read
                0x000000001c007a64      0x1d8 /home/osboxes/gap_sdk/examples/pmsis/test_periph/test_pixart_lcd/BUILD/GAP8/GCC_RISCV//home/osboxes/gap_sdk/rtos/pmsis/pmsis_bsp/fs/read_fs/read_fs.o
 .text.__pi_read_fs_mount
                0x000000001c007c3c      0x1b2 /home/osboxes/gap_sdk/examples/pmsis/test_periph/test_pixart_lcd/BUILD/GAP8/GCC_RISCV//home/osboxes/gap_sdk/rtos/pmsis/pmsis_bsp/fs/read_fs/read_fs.o
 .text.semihost_write0
                0x000000001c007dee       0x12 /home/osboxes/gap_sdk/examples/pmsis/test_periph/test_pixart_lcd/BUILD/GAP8/GCC_RISCV//home/osboxes/gap_sdk/rtos/pmsis/pmsis_bsp/fs/host_fs/semihost.o
                0x000000001c007dee                semihost_write0
 .text.semihost_open
                0x000000001c007e00       0x36 /home/osboxes/gap_sdk/examples/pmsis/test_periph/test_pixart_lcd/BUILD/GAP8/GCC_RISCV//home/osboxes/gap_sdk/rtos/pmsis/pmsis_bsp/fs/host_fs/semihost.o
                0x000000001c007e00                semihost_open
 .text.semihost_close
                0x000000001c007e36       0x12 /home/osboxes/gap_sdk/examples/pmsis/test_periph/test_pixart_lcd/BUILD/GAP8/GCC_RISCV//home/osboxes/gap_sdk/rtos/pmsis/pmsis_bsp/fs/host_fs/semihost.o
                0x000000001c007e36                semihost_close
 .text.semihost_read
                0x000000001c007e48       0x22 /home/osboxes/gap_sdk/examples/pmsis/test_periph/test_pixart_lcd/BUILD/GAP8/GCC_RISCV//home/osboxes/gap_sdk/rtos/pmsis/pmsis_bsp/fs/host_fs/semihost.o
                0x000000001c007e48                semihost_read
 .text.semihost_write
                0x000000001c007e6a       0x22 /home/osboxes/gap_sdk/examples/pmsis/test_periph/test_pixart_lcd/BUILD/GAP8/GCC_RISCV//home/osboxes/gap_sdk/rtos/pmsis/pmsis_bsp/fs/host_fs/semihost.o
                0x000000001c007e6a                semihost_write
 .text.semihost_seek
                0x000000001c007e8c       0x1a /home/osboxes/gap_sdk/examples/pmsis/test_periph/test_pixart_lcd/BUILD/GAP8/GCC_RISCV//home/osboxes/gap_sdk/rtos/pmsis/pmsis_bsp/fs/host_fs/semihost.o
                0x000000001c007e8c                semihost_seek
 .text.semihost_exit
                0x000000001c007ea6       0x12 /home/osboxes/gap_sdk/examples/pmsis/test_periph/test_pixart_lcd/BUILD/GAP8/GCC_RISCV//home/osboxes/gap_sdk/rtos/pmsis/pmsis_bsp/fs/host_fs/semihost.o
                0x000000001c007ea6                semihost_exit
 .text.__pi_host_fs_mount
                0x000000001c007eb8        0x4 /home/osboxes/gap_sdk/examples/pmsis/test_periph/test_pixart_lcd/BUILD/GAP8/GCC_RISCV//home/osboxes/gap_sdk/rtos/pmsis/pmsis_bsp/fs/host_fs/host_fs.o
 .text.__pi_host_fs_unmount
                0x000000001c007ebc        0x2 /home/osboxes/gap_sdk/examples/pmsis/test_periph/test_pixart_lcd/BUILD/GAP8/GCC_RISCV//home/osboxes/gap_sdk/rtos/pmsis/pmsis_bsp/fs/host_fs/host_fs.o
 .text.__pi_host_fs_seek
                0x000000001c007ebe        0x6 /home/osboxes/gap_sdk/examples/pmsis/test_periph/test_pixart_lcd/BUILD/GAP8/GCC_RISCV//home/osboxes/gap_sdk/rtos/pmsis/pmsis_bsp/fs/host_fs/host_fs.o
 .text.__pi_host_fs_copy_2d_async
                0x000000001c007ec4       0xa6 /home/osboxes/gap_sdk/examples/pmsis/test_periph/test_pixart_lcd/BUILD/GAP8/GCC_RISCV//home/osboxes/gap_sdk/rtos/pmsis/pmsis_bsp/fs/host_fs/host_fs.o
 .text.__pi_host_fs_write_async
                0x000000001c007f6a       0x2c /home/osboxes/gap_sdk/examples/pmsis/test_periph/test_pixart_lcd/BUILD/GAP8/GCC_RISCV//home/osboxes/gap_sdk/rtos/pmsis/pmsis_bsp/fs/host_fs/host_fs.o
 .text.__pi_host_fs_read_async
                0x000000001c007f96       0x2c /home/osboxes/gap_sdk/examples/pmsis/test_periph/test_pixart_lcd/BUILD/GAP8/GCC_RISCV//home/osboxes/gap_sdk/rtos/pmsis/pmsis_bsp/fs/host_fs/host_fs.o
 .text.__pi_host_fs_close
                0x000000001c007fc2        0x6 /home/osboxes/gap_sdk/examples/pmsis/test_periph/test_pixart_lcd/BUILD/GAP8/GCC_RISCV//home/osboxes/gap_sdk/rtos/pmsis/pmsis_bsp/fs/host_fs/host_fs.o
 .text.__pi_host_fs_open
                0x000000001c007fc8       0x5c /home/osboxes/gap_sdk/examples/pmsis/test_periph/test_pixart_lcd/BUILD/GAP8/GCC_RISCV//home/osboxes/gap_sdk/rtos/pmsis/pmsis_bsp/fs/host_fs/host_fs.o
 .text.__pi_host_fs_copy_async
                0x000000001c008024       0x5a /home/osboxes/gap_sdk/examples/pmsis/test_periph/test_pixart_lcd/BUILD/GAP8/GCC_RISCV//home/osboxes/gap_sdk/rtos/pmsis/pmsis_bsp/fs/host_fs/host_fs.o
 .text.__pi_host_fs_direct_read_async
                0x000000001c00807e       0x2c /home/osboxes/gap_sdk/examples/pmsis/test_periph/test_pixart_lcd/BUILD/GAP8/GCC_RISCV//home/osboxes/gap_sdk/rtos/pmsis/pmsis_bsp/fs/host_fs/host_fs.o
 .text.pi_partition_get_flash_offset
                0x000000001c0080aa        0xa /home/osboxes/gap_sdk/examples/pmsis/test_periph/test_pixart_lcd/BUILD/GAP8/GCC_RISCV//home/osboxes/gap_sdk/rtos/pmsis/pmsis_bsp/partition/partition.o
                0x000000001c0080aa                pi_partition_get_flash_offset
 .text.pi_partition_table_free
                0x000000001c0080b4        0x2 /home/osboxes/gap_sdk/examples/pmsis/test_periph/test_pixart_lcd/BUILD/GAP8/GCC_RISCV//home/osboxes/gap_sdk/rtos/pmsis/pmsis_bsp/partition/partition.o
                0x000000001c0080b4                pi_partition_table_free
 .text.pi_partition_table_load
                0x000000001c0080b6        0x4 /home/osboxes/gap_sdk/examples/pmsis/test_periph/test_pixart_lcd/BUILD/GAP8/GCC_RISCV//home/osboxes/gap_sdk/rtos/pmsis/pmsis_bsp/partition/partition.o
                0x000000001c0080b6                pi_partition_table_load
 .text.pi_partition_find_first
                0x000000001c0080ba       0x54 /home/osboxes/gap_sdk/examples/pmsis/test_periph/test_pixart_lcd/BUILD/GAP8/GCC_RISCV//home/osboxes/gap_sdk/rtos/pmsis/pmsis_bsp/partition/partition.o
                0x000000001c0080ba                pi_partition_find_first
 .text.flash_partition_table_load
                0x000000001c00810e      0x178 /home/osboxes/gap_sdk/examples/pmsis/test_periph/test_pixart_lcd/BUILD/GAP8/GCC_RISCV//home/osboxes/gap_sdk/rtos/pmsis/pmsis_bsp/partition/flash_partition.o
                0x000000001c00810e                flash_partition_table_load
 .text.flash_partition_table_free
                0x000000001c008286       0x24 /home/osboxes/gap_sdk/examples/pmsis/test_periph/test_pixart_lcd/BUILD/GAP8/GCC_RISCV//home/osboxes/gap_sdk/rtos/pmsis/pmsis_bsp/partition/flash_partition.o
                0x000000001c008286                flash_partition_table_free
 .text.flash_partition_find_first
                0x000000001c0082aa       0xa6 /home/osboxes/gap_sdk/examples/pmsis/test_periph/test_pixart_lcd/BUILD/GAP8/GCC_RISCV//home/osboxes/gap_sdk/rtos/pmsis/pmsis_bsp/partition/flash_partition.o
                0x000000001c0082aa                flash_partition_find_first
 .text.body     0x000000001c008350      0x8f0 /home/osboxes/gap_sdk/examples/pmsis/test_periph/test_pixart_lcd/BUILD/GAP8/GCC_RISCV//home/osboxes/gap_sdk/rtos/pmsis/pmsis_bsp/partition/md5.o
 .text.MD5_Init
                0x000000001c008c40       0x32 /home/osboxes/gap_sdk/examples/pmsis/test_periph/test_pixart_lcd/BUILD/GAP8/GCC_RISCV//home/osboxes/gap_sdk/rtos/pmsis/pmsis_bsp/partition/md5.o
                0x000000001c008c40                MD5_Init
 .text.MD5_Update
                0x000000001c008c72       0x9c /home/osboxes/gap_sdk/examples/pmsis/test_periph/test_pixart_lcd/BUILD/GAP8/GCC_RISCV//home/osboxes/gap_sdk/rtos/pmsis/pmsis_bsp/partition/md5.o
                0x000000001c008c72                MD5_Update
 .text.MD5_Final
                0x000000001c008d0e      0x12e /home/osboxes/gap_sdk/examples/pmsis/test_periph/test_pixart_lcd/BUILD/GAP8/GCC_RISCV//home/osboxes/gap_sdk/rtos/pmsis/pmsis_bsp/partition/md5.o
                0x000000001c008d0e                MD5_Final
 .text.bsp_pixart_conf_init
                0x000000001c008e3c       0x2c /home/osboxes/gap_sdk/examples/pmsis/test_periph/test_pixart_lcd/BUILD/GAP8/GCC_RISCV//home/osboxes/gap_sdk/rtos/pmsis/pmsis_bsp/bsp/gapoc_b.o
                0x000000001c008e3c                bsp_pixart_conf_init
 .text.bsp_pixart_open
                0x000000001c008e68       0x80 /home/osboxes/gap_sdk/examples/pmsis/test_periph/test_pixart_lcd/BUILD/GAP8/GCC_RISCV//home/osboxes/gap_sdk/rtos/pmsis/pmsis_bsp/bsp/gapoc_b.o
                0x000000001c008e68                bsp_pixart_open
 .text.pi_camera_open
                0x000000001c008ee8        0xc /home/osboxes/gap_sdk/examples/pmsis/test_periph/test_pixart_lcd/BUILD/GAP8/GCC_RISCV//home/osboxes/gap_sdk/rtos/pmsis/pmsis_bsp/camera/camera.o
                0x000000001c008ee8                pi_camera_open
 .text.pi_camera_capture
                0x000000001c008ef4       0x36 /home/osboxes/gap_sdk/examples/pmsis/test_periph/test_pixart_lcd/BUILD/GAP8/GCC_RISCV//home/osboxes/gap_sdk/rtos/pmsis/pmsis_bsp/camera/camera.o
                0x000000001c008ef4                pi_camera_capture
 .text.__camera_conf_init
                0x000000001c008f2a        0x2 /home/osboxes/gap_sdk/examples/pmsis/test_periph/test_pixart_lcd/BUILD/GAP8/GCC_RISCV//home/osboxes/gap_sdk/rtos/pmsis/pmsis_bsp/camera/camera.o
                0x000000001c008f2a                __camera_conf_init
 .text.__pixart_close
                0x000000001c008f2c       0x30 /home/osboxes/gap_sdk/examples/pmsis/test_periph/test_pixart_lcd/BUILD/GAP8/GCC_RISCV//home/osboxes/gap_sdk/rtos/pmsis/pmsis_bsp/camera/pixart/pixart.o
 .text.__pixart_reg_get
                0x000000001c008f5c       0x4e /home/osboxes/gap_sdk/examples/pmsis/test_periph/test_pixart_lcd/BUILD/GAP8/GCC_RISCV//home/osboxes/gap_sdk/rtos/pmsis/pmsis_bsp/camera/pixart/pixart.o
 .text.__pixart_open
                0x000000001c008faa      0x27a /home/osboxes/gap_sdk/examples/pmsis/test_periph/test_pixart_lcd/BUILD/GAP8/GCC_RISCV//home/osboxes/gap_sdk/rtos/pmsis/pmsis_bsp/camera/pixart/pixart.o
 .text.__pixart_capture_async
                0x000000001c009224       0x98 /home/osboxes/gap_sdk/examples/pmsis/test_periph/test_pixart_lcd/BUILD/GAP8/GCC_RISCV//home/osboxes/gap_sdk/rtos/pmsis/pmsis_bsp/camera/pixart/pixart.o
 .text.__pixart_reg_set
                0x000000001c0092bc       0x42 /home/osboxes/gap_sdk/examples/pmsis/test_periph/test_pixart_lcd/BUILD/GAP8/GCC_RISCV//home/osboxes/gap_sdk/rtos/pmsis/pmsis_bsp/camera/pixart/pixart.o
 .text.__pixart_control
                0x000000001c0092fe      0x10a /home/osboxes/gap_sdk/examples/pmsis/test_periph/test_pixart_lcd/BUILD/GAP8/GCC_RISCV//home/osboxes/gap_sdk/rtos/pmsis/pmsis_bsp/camera/pixart/pixart.o
 .text.pi_pixart_conf_init
                0x000000001c009408       0x2a /home/osboxes/gap_sdk/examples/pmsis/test_periph/test_pixart_lcd/BUILD/GAP8/GCC_RISCV//home/osboxes/gap_sdk/rtos/pmsis/pmsis_bsp/camera/pixart/pixart.o
                0x000000001c009408                pi_pixart_conf_init
 .text.__os_native_kickoff
                0x000000001c009432       0x98 /home/osboxes/gap_sdk/examples/pmsis/test_periph/test_pixart_lcd/BUILD/GAP8/GCC_RISCV//home/osboxes/gap_sdk/rtos/freeRTOS/vendors/gwt/TARGET_GWT/pmsis/backend/pmsis_backend_native_task_api.o
                0x000000001c009432                __os_native_kickoff
 .text.pi_time_wait_us
                0x000000001c0094ca       0x2e /home/osboxes/gap_sdk/examples/pmsis/test_periph/test_pixart_lcd/BUILD/GAP8/GCC_RISCV//home/osboxes/gap_sdk/rtos/freeRTOS/vendors/gwt/TARGET_GWT/pmsis/backend/pmsis_backend_native_task_api.o
                0x000000001c0094ca                pi_time_wait_us
                0x000000001c0094f8                _etext = .
 *(.lit)
 *(.shdata)
                0x000000001c0094f8                _endtext = .

.ctors          0x000000001c0094f8        0x0
                0x000000001c0094f8                . = ALIGN (0x4)
                0x000000001c0094f8                __CTOR_LIST__ = .
 *crtbegin.o(.ctors)
 *crtbegin?.o(.ctors)
 *(EXCLUDE_FILE(*crtend.o *crtend?.o) .ctors)
 *(SORT(.ctors.*))
 *(.ctors)
                0x000000001c0094f8                __CTOR_END__ = .

.dtors          0x000000001c0094f8        0x0
                0x000000001c0094f8                . = ALIGN (0x4)
                0x000000001c0094f8                __DTOR_LIST__ = .
 *crtbegin.o(.dtors)
 *crtbegin?.o(.dtors)
 *(EXCLUDE_FILE(*crtend.o *crtend?.o) .dtors)
 *(SORT(.dtors.*))
 *(.dtors)
                0x000000001c0094f8                __DTOR_END__ = .

.preinit_array  0x000000001c0094f8        0x0
                [!provide]                        PROVIDE (__preinit_array_start, .)
 *(.preinit_array*)
                [!provide]                        PROVIDE (__preinit_array_end, .)

.init_array     0x000000001c0094f8        0x4
                [!provide]                        PROVIDE (__init_array_start, .)
 *(SORT(.init_array.*))
 *(.init_array*)
 .init_array    0x000000001c0094f8        0x4 /usr/lib/gap_riscv_toolchain/lib/gcc/riscv32-unknown-elf/7.1.1/crtbegin.o
                [!provide]                        PROVIDE (__init_array_end, .)

.fini_array     0x000000001c0094fc        0x4
                [!provide]                        PROVIDE (__fini_array_start, .)
 *(SORT(.fini_array.*))
 *(.fini_array*)
 .fini_array    0x000000001c0094fc        0x4 /usr/lib/gap_riscv_toolchain/lib/gcc/riscv32-unknown-elf/7.1.1/crtbegin.o
                [!provide]                        PROVIDE (__fini_array_end, .)

.rodata         0x000000001c009500      0xb94
                0x000000001c009500                . = ALIGN (0x4)
 *(.rodata)
 .rodata        0x000000001c009500       0x3c /usr/lib/gap_riscv_toolchain/bin/../lib/gcc/riscv32-unknown-elf/7.1.1/libgcc.a(muldf3.o)
 .rodata        0x000000001c00953c      0x100 /usr/lib/gap_riscv_toolchain/bin/../lib/gcc/riscv32-unknown-elf/7.1.1/libgcc.a(_clz.o)
                0x000000001c00953c                __clz_tab
 *(.rodata.*)
 .rodata.WriteImageToFile.cst4
                0x000000001c00963c        0x4 /home/osboxes/gap_sdk/examples/pmsis/test_periph/test_pixart_lcd/BUILD/GAP8/GCC_RISCV/ImgIO.o
 .rodata.WriteImageToFile.str1.4
                0x000000001c009640       0x22 /home/osboxes/gap_sdk/examples/pmsis/test_periph/test_pixart_lcd/BUILD/GAP8/GCC_RISCV/ImgIO.o
                                         0x26 (size before relaxing)
 *fill*         0x000000001c009662        0x2 
 .rodata.main.str1.4
                0x000000001c009664       0x27 /home/osboxes/gap_sdk/examples/pmsis/test_periph/test_pixart_lcd/BUILD/GAP8/GCC_RISCV/test_camera_lcd.o
 *fill*         0x000000001c00968b        0x1 
 .rodata.test_camera_with_lcd.str1.4
                0x000000001c00968c       0xcb /home/osboxes/gap_sdk/examples/pmsis/test_periph/test_pixart_lcd/BUILD/GAP8/GCC_RISCV/test_camera_lcd.o
 *fill*         0x000000001c009757        0x1 
 .rodata.xQueueCreateCountingSemaphoreStatic.str1.4
                0x000000001c009758       0x2d /home/osboxes/gap_sdk/examples/pmsis/test_periph/test_pixart_lcd/BUILD/GAP8/GCC_RISCV//home/osboxes/gap_sdk/rtos/freeRTOS/freertos_kernel/queue.o
 *fill*         0x000000001c009785        0x3 
 .rodata.xQueueGenericCreateStatic.str1.4
                0x000000001c009788       0xc7 /home/osboxes/gap_sdk/examples/pmsis/test_periph/test_pixart_lcd/BUILD/GAP8/GCC_RISCV//home/osboxes/gap_sdk/rtos/freeRTOS/freertos_kernel/queue.o
 *fill*         0x000000001c00984f        0x1 
 .rodata.xQueueGenericReset.str1.4
                0x000000001c009850       0x44 /home/osboxes/gap_sdk/examples/pmsis/test_periph/test_pixart_lcd/BUILD/GAP8/GCC_RISCV//home/osboxes/gap_sdk/rtos/freeRTOS/freertos_kernel/queue.o
 .rodata.xQueueGenericSend.str1.4
                0x000000001c009894       0xee /home/osboxes/gap_sdk/examples/pmsis/test_periph/test_pixart_lcd/BUILD/GAP8/GCC_RISCV//home/osboxes/gap_sdk/rtos/freeRTOS/freertos_kernel/queue.o
 *fill*         0x000000001c009982        0x2 
 .rodata.xQueueGiveFromISR.str1.4
                0x000000001c009984       0x83 /home/osboxes/gap_sdk/examples/pmsis/test_periph/test_pixart_lcd/BUILD/GAP8/GCC_RISCV//home/osboxes/gap_sdk/rtos/freeRTOS/freertos_kernel/queue.o
 *fill*         0x000000001c009a07        0x1 
 .rodata.xQueueReceive.str1.4
                0x000000001c009a08       0x5f /home/osboxes/gap_sdk/examples/pmsis/test_periph/test_pixart_lcd/BUILD/GAP8/GCC_RISCV//home/osboxes/gap_sdk/rtos/freeRTOS/freertos_kernel/queue.o
 *fill*         0x000000001c009a67        0x1 
 .rodata.xQueueSemaphoreTake.str1.4
                0x000000001c009a68       0x20 /home/osboxes/gap_sdk/examples/pmsis/test_periph/test_pixart_lcd/BUILD/GAP8/GCC_RISCV//home/osboxes/gap_sdk/rtos/freeRTOS/freertos_kernel/queue.o
 .rodata.prvIdleTask.str1.4
                0x000000001c009a88       0x84 /home/osboxes/gap_sdk/examples/pmsis/test_periph/test_pixart_lcd/BUILD/GAP8/GCC_RISCV//home/osboxes/gap_sdk/rtos/freeRTOS/freertos_kernel/tasks.o
 .rodata.vTaskDelete.str1.4
                0x000000001c009b0c       0x1a /home/osboxes/gap_sdk/examples/pmsis/test_periph/test_pixart_lcd/BUILD/GAP8/GCC_RISCV//home/osboxes/gap_sdk/rtos/freeRTOS/freertos_kernel/tasks.o
 *fill*         0x000000001c009b26        0x2 
 .rodata.vTaskPlaceOnEventList.str1.4
                0x000000001c009b28        0xc /home/osboxes/gap_sdk/examples/pmsis/test_periph/test_pixart_lcd/BUILD/GAP8/GCC_RISCV//home/osboxes/gap_sdk/rtos/freeRTOS/freertos_kernel/tasks.o
 .rodata.vTaskPriorityDisinheritAfterTimeout.str1.4
                0x000000001c009b34       0x16 /home/osboxes/gap_sdk/examples/pmsis/test_periph/test_pixart_lcd/BUILD/GAP8/GCC_RISCV//home/osboxes/gap_sdk/rtos/freeRTOS/freertos_kernel/tasks.o
 *fill*         0x000000001c009b4a        0x2 
 .rodata.vTaskSetTimeOutState.str1.4
                0x000000001c009b4c        0xa /home/osboxes/gap_sdk/examples/pmsis/test_periph/test_pixart_lcd/BUILD/GAP8/GCC_RISCV//home/osboxes/gap_sdk/rtos/freeRTOS/freertos_kernel/tasks.o
 *fill*         0x000000001c009b56        0x2 
 .rodata.vTaskSuspend.str1.4
                0x000000001c009b58        0xe /home/osboxes/gap_sdk/examples/pmsis/test_periph/test_pixart_lcd/BUILD/GAP8/GCC_RISCV//home/osboxes/gap_sdk/rtos/freeRTOS/freertos_kernel/tasks.o
 *fill*         0x000000001c009b66        0x2 
 .rodata.xTaskCheckForTimeOut.str1.4
                0x000000001c009b68        0xe /home/osboxes/gap_sdk/examples/pmsis/test_periph/test_pixart_lcd/BUILD/GAP8/GCC_RISCV//home/osboxes/gap_sdk/rtos/freeRTOS/freertos_kernel/tasks.o
 *fill*         0x000000001c009b76        0x2 
 .rodata.xTaskCreateStatic.str1.4
                0x000000001c009b78       0x49 /home/osboxes/gap_sdk/examples/pmsis/test_periph/test_pixart_lcd/BUILD/GAP8/GCC_RISCV//home/osboxes/gap_sdk/rtos/freeRTOS/freertos_kernel/tasks.o
 *fill*         0x000000001c009bc1        0x3 
 .rodata.xTaskIncrementTick.str1.4
                0x000000001c009bc4       0x2b /home/osboxes/gap_sdk/examples/pmsis/test_periph/test_pixart_lcd/BUILD/GAP8/GCC_RISCV//home/osboxes/gap_sdk/rtos/freeRTOS/freertos_kernel/tasks.o
 *fill*         0x000000001c009bef        0x1 
 .rodata.xTaskPriorityDisinherit.str1.4
                0x000000001c009bf0       0x2d /home/osboxes/gap_sdk/examples/pmsis/test_periph/test_pixart_lcd/BUILD/GAP8/GCC_RISCV//home/osboxes/gap_sdk/rtos/freeRTOS/freertos_kernel/tasks.o
 *fill*         0x000000001c009c1d        0x3 
 .rodata.xTaskRemoveFromEventList.str1.4
                0x000000001c009c20        0xf /home/osboxes/gap_sdk/examples/pmsis/test_periph/test_pixart_lcd/BUILD/GAP8/GCC_RISCV//home/osboxes/gap_sdk/rtos/freeRTOS/freertos_kernel/tasks.o
 *fill*         0x000000001c009c2f        0x1 
 .rodata.xTaskResumeAll.str1.4
                0x000000001c009c30       0x3b /home/osboxes/gap_sdk/examples/pmsis/test_periph/test_pixart_lcd/BUILD/GAP8/GCC_RISCV//home/osboxes/gap_sdk/rtos/freeRTOS/freertos_kernel/tasks.o
 *fill*         0x000000001c009c6b        0x1 
 .rodata.vApplicationStackOverflowHook.str1.4
                0x000000001c009c6c       0x21 /home/osboxes/gap_sdk/examples/pmsis/test_periph/test_pixart_lcd/BUILD/GAP8/GCC_RISCV//home/osboxes/gap_sdk/rtos/freeRTOS/demos/gwt/gap8/common/config_files/FreeRTOS_util.o
 *fill*         0x000000001c009c8d        0x3 
 .rodata.vPrvAssertFailed.str1.4
                0x000000001c009c90       0x28 /home/osboxes/gap_sdk/examples/pmsis/test_periph/test_pixart_lcd/BUILD/GAP8/GCC_RISCV//home/osboxes/gap_sdk/rtos/freeRTOS/demos/gwt/gap8/common/config_files/FreeRTOS_util.o
 .rodata._isr_default.str1.4
                0x000000001c009cb8        0x9 /home/osboxes/gap_sdk/examples/pmsis/test_periph/test_pixart_lcd/BUILD/GAP8/GCC_RISCV//home/osboxes/gap_sdk/rtos/freeRTOS/vendors/gwt/TARGET_GWT/TARGET_GAP8/device/gap8_it.o
 *fill*         0x000000001c009cc1        0x3 
 .rodata._vsnprintf
                0x000000001c009cc4      0x1e0 /home/osboxes/gap_sdk/examples/pmsis/test_periph/test_pixart_lcd/BUILD/GAP8/GCC_RISCV//home/osboxes/gap_sdk/rtos/freeRTOS/vendors/gwt/TARGET_GWT/libs/printf/printf.o
 *fill*         0x000000001c009ea4        0x4 
 .rodata._vsnprintf.cst8